<?xml version="1.0" encoding="ISO-8859-1" ?>
<link_info>
   <banner>TMS320C2000 Linker PC v22.6.1.LTS</banner>
   <copyright>Copyright (c) 1996-2018 Texas Instruments Incorporated</copyright>
   <link_time>0x696dc4af</link_time>
   <link_errors>0x0</link_errors>
   <output_file>Tetra_Tower_DualBox.out</output_file>
   <entry_point>
      <name>_c_int00</name>
      <address>0x8bf3f</address>
   </entry_point>
   <input_file_list>
      <input_file id="fl-2">
         <path>.\</path>
         <kind>object</kind>
         <file>InterruptHandling.obj</file>
         <name>InterruptHandling.obj</name>
      </input_file>
      <input_file id="fl-3">
         <path>.\</path>
         <kind>object</kind>
         <file>f28004x_codestartbranch.obj</file>
         <name>f28004x_codestartbranch.obj</name>
      </input_file>
      <input_file id="fl-4">
         <path>.\</path>
         <kind>object</kind>
         <file>main.obj</file>
         <name>main.obj</name>
      </input_file>
      <input_file id="fl-5">
         <path>.\ApplicationLayer\</path>
         <kind>object</kind>
         <file>ACEMeter.obj</file>
         <name>ACEMeter.obj</name>
      </input_file>
      <input_file id="fl-6">
         <path>.\ApplicationLayer\</path>
         <kind>object</kind>
         <file>DCEMeter.obj</file>
         <name>DCEMeter.obj</name>
      </input_file>
      <input_file id="fl-7">
         <path>.\ApplicationLayer\</path>
         <kind>object</kind>
         <file>IMD.obj</file>
         <name>IMD.obj</name>
      </input_file>
      <input_file id="fl-8">
         <path>.\ApplicationLayer\</path>
         <kind>object</kind>
         <file>MuxIO.obj</file>
         <name>MuxIO.obj</name>
      </input_file>
      <input_file id="fl-9">
         <path>.\ApplicationLayer\</path>
         <kind>object</kind>
         <file>RNL.obj</file>
         <name>RNL.obj</name>
      </input_file>
      <input_file id="fl-a">
         <path>.\ApplicationLayer\</path>
         <kind>object</kind>
         <file>TonheCAN.obj</file>
         <name>TonheCAN.obj</name>
      </input_file>
      <input_file id="fl-b">
         <path>.\ChargerLevel\</path>
         <kind>object</kind>
         <file>CMSCAN.obj</file>
         <name>CMSCAN.obj</name>
      </input_file>
      <input_file id="fl-c">
         <path>.\ChargerLevel\</path>
         <kind>object</kind>
         <file>Charger.obj</file>
         <name>Charger.obj</name>
      </input_file>
      <input_file id="fl-d">
         <path>.\ChargerLevel\</path>
         <kind>object</kind>
         <file>ChargerApp.obj</file>
         <name>ChargerApp.obj</name>
      </input_file>
      <input_file id="fl-e">
         <path>.\ChargerLevel\</path>
         <kind>object</kind>
         <file>ChargerApp_FCN01ACFaultFlag.obj</file>
         <name>ChargerApp_FCN01ACFaultFlag.obj</name>
      </input_file>
      <input_file id="fl-f">
         <path>.\MCU_HAL\driverlib\</path>
         <kind>object</kind>
         <file>adc.obj</file>
         <name>adc.obj</name>
      </input_file>
      <input_file id="fl-10">
         <path>.\MCU_HAL\driverlib\</path>
         <kind>object</kind>
         <file>asysctl.obj</file>
         <name>asysctl.obj</name>
      </input_file>
      <input_file id="fl-11">
         <path>.\MCU_HAL\driverlib\</path>
         <kind>object</kind>
         <file>can.obj</file>
         <name>can.obj</name>
      </input_file>
      <input_file id="fl-12">
         <path>.\MCU_HAL\driverlib\</path>
         <kind>object</kind>
         <file>cla.obj</file>
         <name>cla.obj</name>
      </input_file>
      <input_file id="fl-13">
         <path>.\MCU_HAL\driverlib\</path>
         <kind>object</kind>
         <file>clapromcrc.obj</file>
         <name>clapromcrc.obj</name>
      </input_file>
      <input_file id="fl-14">
         <path>.\MCU_HAL\driverlib\</path>
         <kind>object</kind>
         <file>clb.obj</file>
         <name>clb.obj</name>
      </input_file>
      <input_file id="fl-15">
         <path>.\MCU_HAL\driverlib\</path>
         <kind>object</kind>
         <file>cmpss.obj</file>
         <name>cmpss.obj</name>
      </input_file>
      <input_file id="fl-16">
         <path>.\MCU_HAL\driverlib\</path>
         <kind>object</kind>
         <file>cputimer.obj</file>
         <name>cputimer.obj</name>
      </input_file>
      <input_file id="fl-17">
         <path>.\MCU_HAL\driverlib\</path>
         <kind>object</kind>
         <file>dac.obj</file>
         <name>dac.obj</name>
      </input_file>
      <input_file id="fl-18">
         <path>.\MCU_HAL\driverlib\</path>
         <kind>object</kind>
         <file>dcc.obj</file>
         <name>dcc.obj</name>
      </input_file>
      <input_file id="fl-19">
         <path>.\MCU_HAL\driverlib\</path>
         <kind>object</kind>
         <file>dcsm.obj</file>
         <name>dcsm.obj</name>
      </input_file>
      <input_file id="fl-1a">
         <path>.\MCU_HAL\driverlib\</path>
         <kind>object</kind>
         <file>device.obj</file>
         <name>device.obj</name>
      </input_file>
      <input_file id="fl-1b">
         <path>.\MCU_HAL\driverlib\</path>
         <kind>object</kind>
         <file>dma.obj</file>
         <name>dma.obj</name>
      </input_file>
      <input_file id="fl-1c">
         <path>.\MCU_HAL\driverlib\</path>
         <kind>object</kind>
         <file>ecap.obj</file>
         <name>ecap.obj</name>
      </input_file>
      <input_file id="fl-1d">
         <path>.\MCU_HAL\driverlib\</path>
         <kind>object</kind>
         <file>epwm.obj</file>
         <name>epwm.obj</name>
      </input_file>
      <input_file id="fl-1e">
         <path>.\MCU_HAL\driverlib\</path>
         <kind>object</kind>
         <file>eqep.obj</file>
         <name>eqep.obj</name>
      </input_file>
      <input_file id="fl-1f">
         <path>.\MCU_HAL\driverlib\</path>
         <kind>object</kind>
         <file>erad.obj</file>
         <name>erad.obj</name>
      </input_file>
      <input_file id="fl-20">
         <path>.\MCU_HAL\driverlib\</path>
         <kind>object</kind>
         <file>flash.obj</file>
         <name>flash.obj</name>
      </input_file>
      <input_file id="fl-21">
         <path>.\MCU_HAL\driverlib\</path>
         <kind>object</kind>
         <file>fsi.obj</file>
         <name>fsi.obj</name>
      </input_file>
      <input_file id="fl-22">
         <path>.\MCU_HAL\driverlib\</path>
         <kind>object</kind>
         <file>gpio.obj</file>
         <name>gpio.obj</name>
      </input_file>
      <input_file id="fl-23">
         <path>.\MCU_HAL\driverlib\</path>
         <kind>object</kind>
         <file>hrcap.obj</file>
         <name>hrcap.obj</name>
      </input_file>
      <input_file id="fl-24">
         <path>.\MCU_HAL\driverlib\</path>
         <kind>object</kind>
         <file>hrpwm.obj</file>
         <name>hrpwm.obj</name>
      </input_file>
      <input_file id="fl-25">
         <path>.\MCU_HAL\driverlib\</path>
         <kind>object</kind>
         <file>i2c.obj</file>
         <name>i2c.obj</name>
      </input_file>
      <input_file id="fl-26">
         <path>.\MCU_HAL\driverlib\</path>
         <kind>object</kind>
         <file>interrupt.obj</file>
         <name>interrupt.obj</name>
      </input_file>
      <input_file id="fl-27">
         <path>.\MCU_HAL\driverlib\</path>
         <kind>object</kind>
         <file>lin.obj</file>
         <name>lin.obj</name>
      </input_file>
      <input_file id="fl-28">
         <path>.\MCU_HAL\driverlib\</path>
         <kind>object</kind>
         <file>memcfg.obj</file>
         <name>memcfg.obj</name>
      </input_file>
      <input_file id="fl-29">
         <path>.\MCU_HAL\driverlib\</path>
         <kind>object</kind>
         <file>pga.obj</file>
         <name>pga.obj</name>
      </input_file>
      <input_file id="fl-2a">
         <path>.\MCU_HAL\driverlib\</path>
         <kind>object</kind>
         <file>pmbus.obj</file>
         <name>pmbus.obj</name>
      </input_file>
      <input_file id="fl-2b">
         <path>.\MCU_HAL\driverlib\</path>
         <kind>object</kind>
         <file>sci.obj</file>
         <name>sci.obj</name>
      </input_file>
      <input_file id="fl-2c">
         <path>.\MCU_HAL\driverlib\</path>
         <kind>object</kind>
         <file>sdfm.obj</file>
         <name>sdfm.obj</name>
      </input_file>
      <input_file id="fl-2d">
         <path>.\MCU_HAL\driverlib\</path>
         <kind>object</kind>
         <file>spi.obj</file>
         <name>spi.obj</name>
      </input_file>
      <input_file id="fl-2e">
         <path>.\MCU_HAL\driverlib\</path>
         <kind>object</kind>
         <file>sysctl.obj</file>
         <name>sysctl.obj</name>
      </input_file>
      <input_file id="fl-2f">
         <path>.\MCU_HAL\driverlib\</path>
         <kind>object</kind>
         <file>version.obj</file>
         <name>version.obj</name>
      </input_file>
      <input_file id="fl-30">
         <path>.\MCU_HAL\driverlib\</path>
         <kind>object</kind>
         <file>xbar.obj</file>
         <name>xbar.obj</name>
      </input_file>
      <input_file id="fl-31">
         <path>.\MIddleLayer\</path>
         <kind>object</kind>
         <file>J1939.obj</file>
         <name>J1939.obj</name>
      </input_file>
      <input_file id="fl-32">
         <path>.\MIddleLayer\</path>
         <kind>object</kind>
         <file>MCUspecific.obj</file>
         <name>MCUspecific.obj</name>
      </input_file>
      <input_file id="fl-33">
         <path>.\MIddleLayer\</path>
         <kind>object</kind>
         <file>Modbus.obj</file>
         <name>Modbus.obj</name>
      </input_file>
      <input_file id="fl-34">
         <path>.\MIddleLayer\</path>
         <kind>object</kind>
         <file>TCA9539.obj</file>
         <name>TCA9539.obj</name>
      </input_file>
      <input_file id="fl-39">
         <kind>object</kind>
         <file>&lt;internal&gt;</file>
         <name>&lt;internal&gt;</name>
      </input_file>
      <input_file id="fl-3a">
         <path>C:\ti\c2000\C2000Ware_5_04_00_00\libraries\flash_api\f28004x\lib\</path>
         <kind>archive</kind>
         <file>F021_API_F28004x_FPU32.lib</file>
         <name>Async.obj</name>
      </input_file>
      <input_file id="fl-3b">
         <path>C:\ti\c2000\C2000Ware_5_04_00_00\libraries\flash_api\f28004x\lib\</path>
         <kind>archive</kind>
         <file>F021_API_F28004x_FPU32.lib</file>
         <name>FlashStateMachine.obj</name>
      </input_file>
      <input_file id="fl-3c">
         <path>C:\ti\c2000\C2000Ware_5_04_00_00\libraries\flash_api\f28004x\lib\</path>
         <kind>archive</kind>
         <file>F021_API_F28004x_FPU32.lib</file>
         <name>Init.obj</name>
      </input_file>
      <input_file id="fl-3d">
         <path>C:\ti\c2000\C2000Ware_5_04_00_00\libraries\flash_api\f28004x\lib\</path>
         <kind>archive</kind>
         <file>F021_API_F28004x_FPU32.lib</file>
         <name>Utilities.obj</name>
      </input_file>
      <input_file id="fl-3e">
         <path>C:\ti\c2000\C2000Ware_5_04_00_00\libraries\flash_api\f28004x\lib\</path>
         <kind>archive</kind>
         <file>F021_API_F28004x_FPU32.lib</file>
         <name>FlashStateMachine.obj</name>
      </input_file>
      <input_file id="fl-3f">
         <path>C:\ti\c2000\C2000Ware_5_04_00_00\libraries\flash_api\f28004x\lib\</path>
         <kind>archive</kind>
         <file>F021_API_F28004x_FPU32.lib</file>
         <name>Program.obj</name>
      </input_file>
      <input_file id="fl-4b">
         <path>C:\ti\ccs1281\ccs\tools\compiler\ti-cgt-c2000_22.6.1.LTS\lib\</path>
         <kind>archive</kind>
         <file>rts2800_fpu32.lib</file>
         <name>boot28.asm.obj</name>
      </input_file>
      <input_file id="fl-4c">
         <path>C:\ti\ccs1281\ccs\tools\compiler\ti-cgt-c2000_22.6.1.LTS\lib\</path>
         <kind>archive</kind>
         <file>rts2800_fpu32.lib</file>
         <name>fs_div28.asm.obj</name>
      </input_file>
      <input_file id="fl-4d">
         <path>C:\ti\ccs1281\ccs\tools\compiler\ti-cgt-c2000_22.6.1.LTS\lib\</path>
         <kind>archive</kind>
         <file>rts2800_fpu32.lib</file>
         <name>ll_aox28.asm.obj</name>
      </input_file>
      <input_file id="fl-4e">
         <path>C:\ti\ccs1281\ccs\tools\compiler\ti-cgt-c2000_22.6.1.LTS\lib\</path>
         <kind>archive</kind>
         <file>rts2800_fpu32.lib</file>
         <name>ll_cmp28.asm.obj</name>
      </input_file>
      <input_file id="fl-4f">
         <path>C:\ti\ccs1281\ccs\tools\compiler\ti-cgt-c2000_22.6.1.LTS\lib\</path>
         <kind>archive</kind>
         <file>rts2800_fpu32.lib</file>
         <name>u_div28.asm.obj</name>
      </input_file>
      <input_file id="fl-50">
         <path>C:\ti\ccs1281\ccs\tools\compiler\ti-cgt-c2000_22.6.1.LTS\lib\</path>
         <kind>archive</kind>
         <file>rts2800_fpu32.lib</file>
         <name>l_div28.asm.obj</name>
      </input_file>
      <input_file id="fl-51">
         <path>C:\ti\ccs1281\ccs\tools\compiler\ti-cgt-c2000_22.6.1.LTS\lib\</path>
         <kind>archive</kind>
         <file>rts2800_fpu32.lib</file>
         <name>fs_toullfpu32.asm.obj</name>
      </input_file>
      <input_file id="fl-52">
         <path>C:\ti\ccs1281\ccs\tools\compiler\ti-cgt-c2000_22.6.1.LTS\lib\</path>
         <kind>archive</kind>
         <file>rts2800_fpu32.lib</file>
         <name>cpy_tbl.c.obj</name>
      </input_file>
      <input_file id="fl-53">
         <path>C:\ti\ccs1281\ccs\tools\compiler\ti-cgt-c2000_22.6.1.LTS\lib\</path>
         <kind>archive</kind>
         <file>rts2800_fpu32.lib</file>
         <name>memcpy.c.obj</name>
      </input_file>
      <input_file id="fl-54">
         <path>C:\ti\ccs1281\ccs\tools\compiler\ti-cgt-c2000_22.6.1.LTS\lib\</path>
         <kind>archive</kind>
         <file>rts2800_fpu32.lib</file>
         <name>pre_init.c.obj</name>
      </input_file>
      <input_file id="fl-55">
         <path>C:\ti\ccs1281\ccs\tools\compiler\ti-cgt-c2000_22.6.1.LTS\lib\</path>
         <kind>archive</kind>
         <file>rts2800_fpu32.lib</file>
         <name>startup.c.obj</name>
      </input_file>
      <input_file id="fl-56">
         <path>C:\ti\ccs1281\ccs\tools\compiler\ti-cgt-c2000_22.6.1.LTS\lib\</path>
         <kind>archive</kind>
         <file>rts2800_fpu32.lib</file>
         <name>exit.c.obj</name>
      </input_file>
      <input_file id="fl-57">
         <path>C:\ti\ccs1281\ccs\tools\compiler\ti-cgt-c2000_22.6.1.LTS\lib\</path>
         <kind>archive</kind>
         <file>rts2800_fpu32.lib</file>
         <name>_lock.c.obj</name>
      </input_file>
      <input_file id="fl-58">
         <path>C:\ti\ccs1281\ccs\tools\compiler\ti-cgt-c2000_22.6.1.LTS\lib\</path>
         <kind>archive</kind>
         <file>rts2800_fpu32.lib</file>
         <name>args_main.c.obj</name>
      </input_file>
   </input_file_list>
   <object_component_list>
      <object_component id="oc-1b">
         <name>codestart</name>
         <load_address>0x85000</load_address>
         <run_address>0x85000</run_address>
         <size>0x2</size>
         <input_file_ref idref="fl-3"/>
      </object_component>
      <object_component id="oc-183">
         <name>.text</name>
         <load_address>0x85004</load_address>
         <run_address>0x85004</run_address>
         <size>0x1293</size>
         <input_file_ref idref="fl-c"/>
      </object_component>
      <object_component id="oc-184">
         <name>.text</name>
         <load_address>0x86297</load_address>
         <run_address>0x86297</run_address>
         <size>0xb75</size>
         <input_file_ref idref="fl-d"/>
      </object_component>
      <object_component id="oc-18b">
         <name>.text</name>
         <load_address>0x86e0c</load_address>
         <run_address>0x86e0c</run_address>
         <size>0xad6</size>
         <input_file_ref idref="fl-b"/>
      </object_component>
      <object_component id="oc-185">
         <name>.text</name>
         <load_address>0x878e2</load_address>
         <run_address>0x878e2</run_address>
         <size>0xa29</size>
         <input_file_ref idref="fl-32"/>
      </object_component>
      <object_component id="oc-18a">
         <name>.text</name>
         <load_address>0x8830b</load_address>
         <run_address>0x8830b</run_address>
         <size>0x6f7</size>
         <input_file_ref idref="fl-4"/>
      </object_component>
      <object_component id="oc-182">
         <name>.text</name>
         <load_address>0x88a02</load_address>
         <run_address>0x88a02</run_address>
         <size>0x5a6</size>
         <input_file_ref idref="fl-9"/>
      </object_component>
      <object_component id="oc-23">
         <name>.text:retain</name>
         <load_address>0x88fa8</load_address>
         <run_address>0x88fa8</run_address>
         <size>0x53b</size>
         <input_file_ref idref="fl-4"/>
      </object_component>
      <object_component id="oc-17f">
         <name>.text</name>
         <load_address>0x894e3</load_address>
         <run_address>0x894e3</run_address>
         <size>0x4d0</size>
         <input_file_ref idref="fl-11"/>
      </object_component>
      <object_component id="oc-1b8">
         <name>.text</name>
         <load_address>0x899b3</load_address>
         <run_address>0x899b3</run_address>
         <size>0x41e</size>
         <input_file_ref idref="fl-2e"/>
      </object_component>
      <object_component id="oc-1b3">
         <name>.text</name>
         <load_address>0x89dd1</load_address>
         <run_address>0x89dd1</run_address>
         <size>0x347</size>
         <input_file_ref idref="fl-34"/>
      </object_component>
      <object_component id="oc-1b9">
         <name>.text</name>
         <load_address>0x8a118</load_address>
         <run_address>0x8a118</run_address>
         <size>0x324</size>
         <input_file_ref idref="fl-18"/>
      </object_component>
      <object_component id="oc-181">
         <name>.text</name>
         <load_address>0x8a43c</load_address>
         <run_address>0x8a43c</run_address>
         <size>0x2eb</size>
         <input_file_ref idref="fl-a"/>
      </object_component>
      <object_component id="oc-1b4">
         <name>.text:__Fapi_setupFlashStateMachine</name>
         <load_address>0x8a727</load_address>
         <run_address>0x8a727</run_address>
         <size>0x294</size>
         <input_file_ref idref="fl-3b"/>
      </object_component>
      <object_component id="oc-15">
         <name>.text:retain</name>
         <load_address>0x8a9bb</load_address>
         <run_address>0x8a9bb</run_address>
         <size>0x222</size>
         <input_file_ref idref="fl-2"/>
      </object_component>
      <object_component id="oc-1a5">
         <name>.text</name>
         <load_address>0x8abdd</load_address>
         <run_address>0x8abdd</run_address>
         <size>0x21d</size>
         <input_file_ref idref="fl-2b"/>
      </object_component>
      <object_component id="oc-1ab">
         <name>.text</name>
         <load_address>0x8adfa</load_address>
         <run_address>0x8adfa</run_address>
         <size>0x20e</size>
         <input_file_ref idref="fl-33"/>
      </object_component>
      <object_component id="oc-1a4">
         <name>.text</name>
         <load_address>0x8b008</load_address>
         <run_address>0x8b008</run_address>
         <size>0x1eb</size>
         <input_file_ref idref="fl-22"/>
      </object_component>
      <object_component id="oc-1aa">
         <name>.text</name>
         <load_address>0x8b1f3</load_address>
         <run_address>0x8b1f3</run_address>
         <size>0x1e7</size>
         <input_file_ref idref="fl-1a"/>
      </object_component>
      <object_component id="oc-1a2">
         <name>.text:_Fapi_issueProgrammingCommand</name>
         <load_address>0x8b3da</load_address>
         <run_address>0x8b3da</run_address>
         <size>0x1e0</size>
         <input_file_ref idref="fl-3f"/>
      </object_component>
      <object_component id="oc-1ac">
         <name>.text</name>
         <load_address>0x8b5ba</load_address>
         <run_address>0x8b5ba</run_address>
         <size>0x173</size>
         <input_file_ref idref="fl-26"/>
      </object_component>
      <object_component id="oc-198">
         <name>.text</name>
         <load_address>0x8b72d</load_address>
         <run_address>0x8b72d</run_address>
         <size>0x149</size>
         <input_file_ref idref="fl-8"/>
      </object_component>
      <object_component id="oc-1a9">
         <name>.text</name>
         <load_address>0x8b876</load_address>
         <run_address>0x8b876</run_address>
         <size>0x130</size>
         <input_file_ref idref="fl-f"/>
      </object_component>
      <object_component id="oc-1a8">
         <name>.text</name>
         <load_address>0x8b9a6</load_address>
         <run_address>0x8b9a6</run_address>
         <size>0x12e</size>
         <input_file_ref idref="fl-25"/>
      </object_component>
      <object_component id="oc-1af">
         <name>.text</name>
         <load_address>0x8bad4</load_address>
         <run_address>0x8bad4</run_address>
         <size>0xd1</size>
         <input_file_ref idref="fl-5"/>
      </object_component>
      <object_component id="oc-19c">
         <name>.text:_Fapi_initializeAPI</name>
         <load_address>0x8bba5</load_address>
         <run_address>0x8bba5</run_address>
         <size>0xa7</size>
         <input_file_ref idref="fl-3c"/>
      </object_component>
      <object_component id="oc-1b0">
         <name>.text</name>
         <load_address>0x8bc4c</load_address>
         <run_address>0x8bc4c</run_address>
         <size>0xa2</size>
         <input_file_ref idref="fl-6"/>
      </object_component>
      <object_component id="oc-1a3">
         <name>.text</name>
         <load_address>0x8bcee</load_address>
         <run_address>0x8bcee</run_address>
         <size>0x8f</size>
         <input_file_ref idref="fl-e"/>
      </object_component>
      <object_component id="oc-136">
         <name>.text</name>
         <load_address>0x8bd7d</load_address>
         <run_address>0x8bd7d</run_address>
         <size>0x88</size>
         <input_file_ref idref="fl-4c"/>
      </object_component>
      <object_component id="oc-18f">
         <name>.text</name>
         <load_address>0x8be05</load_address>
         <run_address>0x8be05</run_address>
         <size>0x7a</size>
         <input_file_ref idref="fl-31"/>
      </object_component>
      <object_component id="oc-1a0">
         <name>.text:_Fapi_issueAsyncCommandWithAddress</name>
         <load_address>0x8be7f</load_address>
         <run_address>0x8be7f</run_address>
         <size>0x64</size>
         <input_file_ref idref="fl-3a"/>
      </object_component>
      <object_component id="oc-1bf">
         <name>.text:_Fapi_setupEepromSectorEnable</name>
         <load_address>0x8bee3</load_address>
         <run_address>0x8bee3</run_address>
         <size>0x5c</size>
         <input_file_ref idref="fl-3b"/>
      </object_component>
      <object_component id="oc-11">
         <name>.text</name>
         <load_address>0x8bf3f</load_address>
         <run_address>0x8bf3f</run_address>
         <size>0x56</size>
         <input_file_ref idref="fl-4b"/>
      </object_component>
      <object_component id="oc-1ad">
         <name>.text</name>
         <load_address>0x8bf95</load_address>
         <run_address>0x8bf95</run_address>
         <size>0x45</size>
         <input_file_ref idref="fl-7"/>
      </object_component>
      <object_component id="oc-1b5">
         <name>.text:__Fapi_issueFsmCommand</name>
         <load_address>0x8bfda</load_address>
         <run_address>0x8bfda</run_address>
         <size>0x30</size>
         <input_file_ref idref="fl-3b"/>
      </object_component>
      <object_component id="oc-19e">
         <name>.text:_Fapi_setActiveFlashBank</name>
         <load_address>0x8c00a</load_address>
         <run_address>0x8c00a</run_address>
         <size>0x2f</size>
         <input_file_ref idref="fl-3b"/>
      </object_component>
      <object_component id="oc-1c1">
         <name>.text:_Fapi_calculateFletcherChecksum</name>
         <load_address>0x8c039</load_address>
         <run_address>0x8c039</run_address>
         <size>0x2c</size>
         <input_file_ref idref="fl-3d"/>
      </object_component>
      <object_component id="oc-1b6">
         <name>.text:__Fapi_setupSectorsForWrite</name>
         <load_address>0x8c065</load_address>
         <run_address>0x8c065</run_address>
         <size>0x2b</size>
         <input_file_ref idref="fl-3b"/>
      </object_component>
      <object_component id="oc-1bc">
         <name>.text:__Fapi_divideUnsignedLong</name>
         <load_address>0x8c090</load_address>
         <run_address>0x8c090</run_address>
         <size>0x2a</size>
         <input_file_ref idref="fl-3d"/>
      </object_component>
      <object_component id="oc-c8">
         <name>.text:retain</name>
         <load_address>0x8c0ba</load_address>
         <run_address>0x8c0ba</run_address>
         <size>0x2a</size>
         <input_file_ref idref="fl-26"/>
      </object_component>
      <object_component id="oc-14a">
         <name>.text</name>
         <load_address>0x8c0e4</load_address>
         <run_address>0x8c0e4</run_address>
         <size>0x2a</size>
         <input_file_ref idref="fl-50"/>
      </object_component>
      <object_component id="oc-17d">
         <name>.text</name>
         <load_address>0x8c10e</load_address>
         <run_address>0x8c10e</run_address>
         <size>0x29</size>
         <input_file_ref idref="fl-56"/>
      </object_component>
      <object_component id="oc-1c0">
         <name>.text:_Fapi_setupBankSectorEnable</name>
         <load_address>0x8c137</load_address>
         <run_address>0x8c137</run_address>
         <size>0x28</size>
         <input_file_ref idref="fl-3b"/>
      </object_component>
      <object_component id="oc-14f">
         <name>.text</name>
         <load_address>0x8c15f</load_address>
         <run_address>0x8c15f</run_address>
         <size>0x25</size>
         <input_file_ref idref="fl-51"/>
      </object_component>
      <object_component id="oc-17a">
         <name>.text</name>
         <load_address>0x8c184</load_address>
         <run_address>0x8c184</run_address>
         <size>0x24</size>
         <input_file_ref idref="fl-52"/>
      </object_component>
      <object_component id="oc-17e">
         <name>.text</name>
         <load_address>0x8c1a8</load_address>
         <run_address>0x8c1a8</run_address>
         <size>0x1e</size>
         <input_file_ref idref="fl-2"/>
      </object_component>
      <object_component id="oc-140">
         <name>.text</name>
         <load_address>0x8c1c6</load_address>
         <run_address>0x8c1c6</run_address>
         <size>0x1e</size>
         <input_file_ref idref="fl-4e"/>
      </object_component>
      <object_component id="oc-18c">
         <name>.text</name>
         <load_address>0x8c1e4</load_address>
         <run_address>0x8c1e4</run_address>
         <size>0x1d</size>
         <input_file_ref idref="fl-53"/>
      </object_component>
      <object_component id="oc-13b">
         <name>.text</name>
         <load_address>0x8c201</load_address>
         <run_address>0x8c201</run_address>
         <size>0x18</size>
         <input_file_ref idref="fl-4d"/>
      </object_component>
      <object_component id="oc-17c">
         <name>.text</name>
         <load_address>0x8c219</load_address>
         <run_address>0x8c219</run_address>
         <size>0x12</size>
         <input_file_ref idref="fl-58"/>
      </object_component>
      <object_component id="oc-1be">
         <name>.text:__Fapi_scaleCycleValues</name>
         <load_address>0x8c22b</load_address>
         <run_address>0x8c22b</run_address>
         <size>0xf</size>
         <input_file_ref idref="fl-3d"/>
      </object_component>
      <object_component id="oc-19d">
         <name>.text:_Fapi_checkFsmForReady</name>
         <load_address>0x8c23a</load_address>
         <run_address>0x8c23a</run_address>
         <size>0xb</size>
         <input_file_ref idref="fl-3e"/>
      </object_component>
      <object_component id="oc-1bd">
         <name>.text:__Fapi_calculateOtpChecksum</name>
         <load_address>0x8c245</load_address>
         <run_address>0x8c245</run_address>
         <size>0xb</size>
         <input_file_ref idref="fl-3d"/>
      </object_component>
      <object_component id="oc-145">
         <name>.text</name>
         <load_address>0x8c250</load_address>
         <run_address>0x8c250</run_address>
         <size>0xb</size>
         <input_file_ref idref="fl-4f"/>
      </object_component>
      <object_component id="oc-1b1">
         <name>.text</name>
         <load_address>0x8c25b</load_address>
         <run_address>0x8c25b</run_address>
         <size>0x9</size>
         <input_file_ref idref="fl-57"/>
      </object_component>
      <object_component id="oc-1a">
         <name>.text</name>
         <load_address>0x8c264</load_address>
         <run_address>0x8c264</run_address>
         <size>0x8</size>
         <input_file_ref idref="fl-3"/>
      </object_component>
      <object_component id="oc-1a1">
         <name>.text:_Fapi_getFsmStatus</name>
         <load_address>0x8c26c</load_address>
         <run_address>0x8c26c</run_address>
         <size>0x7</size>
         <input_file_ref idref="fl-3b"/>
      </object_component>
      <object_component id="oc-1c2">
         <name>.text:_Fapi_serviceWatchdogTimer</name>
         <load_address>0x8c273</load_address>
         <run_address>0x8c273</run_address>
         <size>0x2</size>
         <input_file_ref idref="fl-3b"/>
      </object_component>
      <object_component id="oc-179">
         <name>.text</name>
         <load_address>0x8c275</load_address>
         <run_address>0x8c275</run_address>
         <size>0x2</size>
         <input_file_ref idref="fl-54"/>
      </object_component>
      <object_component id="oc-17b">
         <name>.text</name>
         <load_address>0x8c277</load_address>
         <run_address>0x8c277</run_address>
         <size>0x1</size>
         <input_file_ref idref="fl-55"/>
      </object_component>
      <object_component id="oc-1a7">
         <name>.cinit:_ptcTable</name>
         <load_address>0x8c278</load_address>
         <run_address>0x8c278</run_address>
         <size>0xc7</size>
         <input_file_ref idref="fl-32"/>
      </object_component>
      <object_component id="oc-21">
         <name>.cinit</name>
         <load_address>0x8c33f</load_address>
         <run_address>0x8c33f</run_address>
         <size>0x2e</size>
         <input_file_ref idref="fl-4"/>
      </object_component>
      <object_component id="oc-3e">
         <name>.cinit</name>
         <load_address>0x8c36d</load_address>
         <run_address>0x8c36d</run_address>
         <size>0x18</size>
         <input_file_ref idref="fl-9"/>
      </object_component>
      <object_component id="oc-13">
         <name>.cinit</name>
         <load_address>0x8c385</load_address>
         <run_address>0x8c385</run_address>
         <size>0x10</size>
         <input_file_ref idref="fl-2"/>
      </object_component>
      <object_component id="oc-169">
         <name>.cinit</name>
         <load_address>0x8c395</load_address>
         <run_address>0x8c395</run_address>
         <size>0xe</size>
         <input_file_ref idref="fl-56"/>
      </object_component>
      <object_component id="oc-90">
         <name>.cinit</name>
         <load_address>0x8c3a3</load_address>
         <run_address>0x8c3a3</run_address>
         <size>0xa</size>
         <input_file_ref idref="fl-1a"/>
      </object_component>
      <object_component id="oc-191">
         <name>.cinit:_Rectifier_IregCheck$2</name>
         <load_address>0x8c3ad</load_address>
         <run_address>0x8c3ad</run_address>
         <size>0x9</size>
         <input_file_ref idref="fl-a"/>
      </object_component>
      <object_component id="oc-193">
         <name>.cinit:_Rectifier_count$1</name>
         <load_address>0x8c3b6</load_address>
         <run_address>0x8c3b6</run_address>
         <size>0x9</size>
         <input_file_ref idref="fl-a"/>
      </object_component>
      <object_component id="oc-18e">
         <name>.cinit:__lock</name>
         <load_address>0x8c3bf</load_address>
         <run_address>0x8c3bf</run_address>
         <size>0x5</size>
         <input_file_ref idref="fl-57"/>
      </object_component>
      <object_component id="oc-1b2">
         <name>.cinit:__unlock</name>
         <load_address>0x8c3c4</load_address>
         <run_address>0x8c3c4</run_address>
         <size>0x5</size>
         <input_file_ref idref="fl-57"/>
      </object_component>
      <object_component id="oc-131">
         <name>.reset</name>
         <load_address>0x3fffc0</load_address>
         <run_address>0x3fffc0</run_address>
         <size>0x2</size>
         <input_file_ref idref="fl-4b"/>
      </object_component>
      <object_component id="oc-130">
         <name>.stack</name>
         <uninitialized>true</uninitialized>
         <run_address>0x400</run_address>
         <size>0x0</size>
         <input_file_ref idref="fl-4b"/>
      </object_component>
      <object_component id="oc-1de">
         <name>.stack</name>
         <uninitialized>true</uninitialized>
         <run_address>0x400</run_address>
         <size>0x0</size>
      </object_component>
      <object_component id="oc-14">
         <name>.ebss</name>
         <uninitialized>true</uninitialized>
         <run_address>0xad54</run_address>
         <size>0x5</size>
         <input_file_ref idref="fl-2"/>
      </object_component>
      <object_component id="oc-22">
         <name>.ebss</name>
         <uninitialized>true</uninitialized>
         <run_address>0xa800</run_address>
         <size>0x452</size>
         <input_file_ref idref="fl-4"/>
      </object_component>
      <object_component id="oc-188">
         <name>.ebss:_Data1</name>
         <uninitialized>true</uninitialized>
         <run_address>0xad5c</run_address>
         <size>0x2</size>
         <input_file_ref idref="fl-4"/>
      </object_component>
      <object_component id="oc-187">
         <name>.ebss:_Data2</name>
         <uninitialized>true</uninitialized>
         <run_address>0xad5e</run_address>
         <size>0x2</size>
         <input_file_ref idref="fl-4"/>
      </object_component>
      <object_component id="oc-189">
         <name>.ebss:_I2Cstatus</name>
         <uninitialized>true</uninitialized>
         <run_address>0xad60</run_address>
         <size>0x2</size>
         <input_file_ref idref="fl-4"/>
      </object_component>
      <object_component id="oc-180">
         <name>.ebss:_TonheRightGun</name>
         <uninitialized>true</uninitialized>
         <run_address>0xae00</run_address>
         <size>0x5a</size>
         <input_file_ref idref="fl-4"/>
      </object_component>
      <object_component id="oc-186">
         <name>.ebss:_TonheLeftGun</name>
         <uninitialized>true</uninitialized>
         <run_address>0xad80</run_address>
         <size>0x5a</size>
         <input_file_ref idref="fl-4"/>
      </object_component>
      <object_component id="oc-2e">
         <name>.ebss</name>
         <uninitialized>true</uninitialized>
         <run_address>0xad5a</run_address>
         <size>0x2</size>
         <input_file_ref idref="fl-6"/>
      </object_component>
      <object_component id="oc-3f">
         <name>.ebss</name>
         <uninitialized>true</uninitialized>
         <run_address>0xac70</run_address>
         <size>0x6</size>
         <input_file_ref idref="fl-9"/>
      </object_component>
      <object_component id="oc-192">
         <name>.ebss:_Rectifier_count$1</name>
         <uninitialized>true</uninitialized>
         <run_address>0xad48</run_address>
         <size>0x6</size>
         <input_file_ref idref="fl-a"/>
      </object_component>
      <object_component id="oc-190">
         <name>.ebss:_Rectifier_IregCheck$2</name>
         <uninitialized>true</uninitialized>
         <run_address>0xac76</run_address>
         <size>0x6</size>
         <input_file_ref idref="fl-a"/>
      </object_component>
      <object_component id="oc-4f">
         <name>.ebss</name>
         <uninitialized>true</uninitialized>
         <run_address>0xac52</run_address>
         <size>0x13</size>
         <input_file_ref idref="fl-c"/>
      </object_component>
      <object_component id="oc-91">
         <name>.ebss</name>
         <uninitialized>true</uninitialized>
         <run_address>0xac7c</run_address>
         <size>0x4</size>
         <input_file_ref idref="fl-1a"/>
      </object_component>
      <object_component id="oc-1a6">
         <name>.ebss:_ptcTable</name>
         <uninitialized>true</uninitialized>
         <run_address>0xac80</run_address>
         <size>0xc8</size>
         <input_file_ref idref="fl-32"/>
      </object_component>
      <object_component id="oc-11c">
         <name>.ebss</name>
         <uninitialized>true</uninitialized>
         <run_address>0xac66</run_address>
         <size>0xa</size>
         <input_file_ref idref="fl-3c"/>
      </object_component>
      <object_component id="oc-16a">
         <name>.ebss</name>
         <uninitialized>true</uninitialized>
         <run_address>0xad4e</run_address>
         <size>0x6</size>
         <input_file_ref idref="fl-56"/>
      </object_component>
      <object_component id="oc-18d">
         <name>.ebss:__lock</name>
         <uninitialized>true</uninitialized>
         <run_address>0xad62</run_address>
         <size>0x2</size>
         <input_file_ref idref="fl-57"/>
      </object_component>
      <object_component id="oc-1bb">
         <name>.ebss:__unlock</name>
         <uninitialized>true</uninitialized>
         <run_address>0xad64</run_address>
         <size>0x2</size>
         <input_file_ref idref="fl-57"/>
      </object_component>
      <object_component id="oc-1ba">
         <name>.econst:_CRCTable</name>
         <load_address>0x8f000</load_address>
         <run_address>0x8f000</run_address>
         <size>0x100</size>
         <input_file_ref idref="fl-33"/>
      </object_component>
      <object_component id="oc-194">
         <name>.econst:_$P$T0$3</name>
         <load_address>0x8f100</load_address>
         <run_address>0x8f100</run_address>
         <size>0x8</size>
         <input_file_ref idref="fl-9"/>
      </object_component>
      <object_component id="oc-195">
         <name>.econst:_$P$T1$4</name>
         <load_address>0x8f108</load_address>
         <run_address>0x8f108</run_address>
         <size>0x8</size>
         <input_file_ref idref="fl-9"/>
      </object_component>
      <object_component id="oc-196">
         <name>.econst:_$P$T6$5</name>
         <load_address>0x8f110</load_address>
         <run_address>0x8f110</run_address>
         <size>0x8</size>
         <input_file_ref idref="fl-c"/>
      </object_component>
      <object_component id="oc-197">
         <name>.econst:_$P$T7$6</name>
         <load_address>0x8f118</load_address>
         <run_address>0x8f118</run_address>
         <size>0x8</size>
         <input_file_ref idref="fl-c"/>
      </object_component>
      <object_component id="oc-19f">
         <name>.econst:_$P$T10$9</name>
         <load_address>0x8f120</load_address>
         <run_address>0x8f120</run_address>
         <size>0x1</size>
         <input_file_ref idref="fl-c"/>
      </object_component>
      <object_component id="oc-199">
         <name>.econst:_$P$T8$7</name>
         <load_address>0x8f121</load_address>
         <run_address>0x8f121</run_address>
         <size>0x1</size>
         <input_file_ref idref="fl-c"/>
      </object_component>
      <object_component id="oc-19a">
         <name>.econst:_$P$T9$8</name>
         <load_address>0x8f122</load_address>
         <run_address>0x8f122</run_address>
         <size>0x1</size>
         <input_file_ref idref="fl-c"/>
      </object_component>
      <object_component id="oc-1b7">
         <name>.TI.ramfunc</name>
         <load_address>0x8c3cc</load_address>
         <run_address>0x8000</run_address>
         <size>0xd1</size>
         <input_file_ref idref="fl-20"/>
      </object_component>
      <object_component id="oc-19b">
         <name>.TI.ramfunc</name>
         <load_address>0x8c49d</load_address>
         <run_address>0x80d1</run_address>
         <size>0xe</size>
         <input_file_ref idref="fl-c"/>
      </object_component>
      <object_component id="oc-1ae">
         <name>.TI.ramfunc</name>
         <load_address>0x8c4ab</load_address>
         <run_address>0x80df</run_address>
         <size>0xd</size>
         <input_file_ref idref="fl-4"/>
      </object_component>
      <object_component id="oc-ee">
         <name>.TI.ramfunc</name>
         <load_address>0x8c4b8</load_address>
         <run_address>0x80ec</run_address>
         <size>0x4</size>
         <input_file_ref idref="fl-2e"/>
      </object_component>
      <object_component id="oc-1c3">
         <name>.TI.memcrc:_ccs_flash_checksum</name>
         <load_address>0x0</load_address>
         <run_address>0x0</run_address>
         <size>0x7e</size>
      </object_component>
      <object_component id="oc-12">
         <name>.debug_info</name>
         <load_address>0x0</load_address>
         <run_address>0x0</run_address>
         <size>0x6430</size>
         <input_file_ref idref="fl-2"/>
      </object_component>
      <object_component id="oc-1d">
         <name>.debug_info</name>
         <load_address>0x6430</load_address>
         <run_address>0x6430</run_address>
         <size>0x135</size>
         <input_file_ref idref="fl-3"/>
      </object_component>
      <object_component id="oc-20">
         <name>.debug_info</name>
         <load_address>0x6565</load_address>
         <run_address>0x6565</run_address>
         <size>0xdd54</size>
         <input_file_ref idref="fl-4"/>
      </object_component>
      <object_component id="oc-28">
         <name>.debug_info</name>
         <load_address>0x142b9</load_address>
         <run_address>0x142b9</run_address>
         <size>0xf10</size>
         <input_file_ref idref="fl-5"/>
      </object_component>
      <object_component id="oc-2d">
         <name>.debug_info</name>
         <load_address>0x151c9</load_address>
         <run_address>0x151c9</run_address>
         <size>0xda1</size>
         <input_file_ref idref="fl-6"/>
      </object_component>
      <object_component id="oc-33">
         <name>.debug_info</name>
         <load_address>0x15f6a</load_address>
         <run_address>0x15f6a</run_address>
         <size>0xc01</size>
         <input_file_ref idref="fl-7"/>
      </object_component>
      <object_component id="oc-38">
         <name>.debug_info</name>
         <load_address>0x16b6b</load_address>
         <run_address>0x16b6b</run_address>
         <size>0x165f</size>
         <input_file_ref idref="fl-8"/>
      </object_component>
      <object_component id="oc-3d">
         <name>.debug_info</name>
         <load_address>0x181ca</load_address>
         <run_address>0x181ca</run_address>
         <size>0x5e2d</size>
         <input_file_ref idref="fl-9"/>
      </object_component>
      <object_component id="oc-44">
         <name>.debug_info</name>
         <load_address>0x1dff7</load_address>
         <run_address>0x1dff7</run_address>
         <size>0x245a</size>
         <input_file_ref idref="fl-a"/>
      </object_component>
      <object_component id="oc-49">
         <name>.debug_info</name>
         <load_address>0x20451</load_address>
         <run_address>0x20451</run_address>
         <size>0x89e0</size>
         <input_file_ref idref="fl-b"/>
      </object_component>
      <object_component id="oc-4e">
         <name>.debug_info</name>
         <load_address>0x28e31</load_address>
         <run_address>0x28e31</run_address>
         <size>0x19bfa</size>
         <input_file_ref idref="fl-c"/>
      </object_component>
      <object_component id="oc-54">
         <name>.debug_info</name>
         <load_address>0x42a2b</load_address>
         <run_address>0x42a2b</run_address>
         <size>0x656c</size>
         <input_file_ref idref="fl-d"/>
      </object_component>
      <object_component id="oc-59">
         <name>.debug_info</name>
         <load_address>0x48f97</load_address>
         <run_address>0x48f97</run_address>
         <size>0x7bd</size>
         <input_file_ref idref="fl-e"/>
      </object_component>
      <object_component id="oc-5e">
         <name>.debug_info</name>
         <load_address>0x49754</load_address>
         <run_address>0x49754</run_address>
         <size>0xab9</size>
         <input_file_ref idref="fl-f"/>
      </object_component>
      <object_component id="oc-63">
         <name>.debug_info</name>
         <load_address>0x4a20d</load_address>
         <run_address>0x4a20d</run_address>
         <size>0x1a2</size>
         <input_file_ref idref="fl-10"/>
      </object_component>
      <object_component id="oc-65">
         <name>.debug_info</name>
         <load_address>0x4a3af</load_address>
         <run_address>0x4a3af</run_address>
         <size>0x1ce1</size>
         <input_file_ref idref="fl-11"/>
      </object_component>
      <object_component id="oc-6a">
         <name>.debug_info</name>
         <load_address>0x4c090</load_address>
         <run_address>0x4c090</run_address>
         <size>0x9a6</size>
         <input_file_ref idref="fl-12"/>
      </object_component>
      <object_component id="oc-6f">
         <name>.debug_info</name>
         <load_address>0x4ca36</load_address>
         <run_address>0x4ca36</run_address>
         <size>0x1a5</size>
         <input_file_ref idref="fl-13"/>
      </object_component>
      <object_component id="oc-71">
         <name>.debug_info</name>
         <load_address>0x4cbdb</load_address>
         <run_address>0x4cbdb</run_address>
         <size>0x3df</size>
         <input_file_ref idref="fl-14"/>
      </object_component>
      <object_component id="oc-76">
         <name>.debug_info</name>
         <load_address>0x4cfba</load_address>
         <run_address>0x4cfba</run_address>
         <size>0x3a1</size>
         <input_file_ref idref="fl-15"/>
      </object_component>
      <object_component id="oc-7b">
         <name>.debug_info</name>
         <load_address>0x4d35b</load_address>
         <run_address>0x4d35b</run_address>
         <size>0x42e</size>
         <input_file_ref idref="fl-16"/>
      </object_component>
      <object_component id="oc-80">
         <name>.debug_info</name>
         <load_address>0x4d789</load_address>
         <run_address>0x4d789</run_address>
         <size>0x3bc</size>
         <input_file_ref idref="fl-17"/>
      </object_component>
      <object_component id="oc-85">
         <name>.debug_info</name>
         <load_address>0x4db45</load_address>
         <run_address>0x4db45</run_address>
         <size>0x1de7</size>
         <input_file_ref idref="fl-18"/>
      </object_component>
      <object_component id="oc-8a">
         <name>.debug_info</name>
         <load_address>0x4f92c</load_address>
         <run_address>0x4f92c</run_address>
         <size>0x8ce</size>
         <input_file_ref idref="fl-19"/>
      </object_component>
      <object_component id="oc-8f">
         <name>.debug_info</name>
         <load_address>0x501fa</load_address>
         <run_address>0x501fa</run_address>
         <size>0x21ba</size>
         <input_file_ref idref="fl-1a"/>
      </object_component>
      <object_component id="oc-96">
         <name>.debug_info</name>
         <load_address>0x523b4</load_address>
         <run_address>0x523b4</run_address>
         <size>0xcb6</size>
         <input_file_ref idref="fl-1b"/>
      </object_component>
      <object_component id="oc-9b">
         <name>.debug_info</name>
         <load_address>0x5306a</load_address>
         <run_address>0x5306a</run_address>
         <size>0x3fc</size>
         <input_file_ref idref="fl-1c"/>
      </object_component>
      <object_component id="oc-a0">
         <name>.debug_info</name>
         <load_address>0x53466</load_address>
         <run_address>0x53466</run_address>
         <size>0xbd8</size>
         <input_file_ref idref="fl-1d"/>
      </object_component>
      <object_component id="oc-a5">
         <name>.debug_info</name>
         <load_address>0x5403e</load_address>
         <run_address>0x5403e</run_address>
         <size>0x3a0</size>
         <input_file_ref idref="fl-1e"/>
      </object_component>
      <object_component id="oc-aa">
         <name>.debug_info</name>
         <load_address>0x543de</load_address>
         <run_address>0x543de</run_address>
         <size>0xb91</size>
         <input_file_ref idref="fl-1f"/>
      </object_component>
      <object_component id="oc-af">
         <name>.debug_info</name>
         <load_address>0x54f6f</load_address>
         <run_address>0x54f6f</run_address>
         <size>0xef4</size>
         <input_file_ref idref="fl-20"/>
      </object_component>
      <object_component id="oc-b4">
         <name>.debug_info</name>
         <load_address>0x55e63</load_address>
         <run_address>0x55e63</run_address>
         <size>0x4e1</size>
         <input_file_ref idref="fl-21"/>
      </object_component>
      <object_component id="oc-b9">
         <name>.debug_info</name>
         <load_address>0x56344</load_address>
         <run_address>0x56344</run_address>
         <size>0x1297</size>
         <input_file_ref idref="fl-22"/>
      </object_component>
      <object_component id="oc-be">
         <name>.debug_info</name>
         <load_address>0x575db</load_address>
         <run_address>0x575db</run_address>
         <size>0x1a0</size>
         <input_file_ref idref="fl-23"/>
      </object_component>
      <object_component id="oc-c0">
         <name>.debug_info</name>
         <load_address>0x5777b</load_address>
         <run_address>0x5777b</run_address>
         <size>0x1a0</size>
         <input_file_ref idref="fl-24"/>
      </object_component>
      <object_component id="oc-c2">
         <name>.debug_info</name>
         <load_address>0x5791b</load_address>
         <run_address>0x5791b</run_address>
         <size>0xbce</size>
         <input_file_ref idref="fl-25"/>
      </object_component>
      <object_component id="oc-c7">
         <name>.debug_info</name>
         <load_address>0x584e9</load_address>
         <run_address>0x584e9</run_address>
         <size>0xbba</size>
         <input_file_ref idref="fl-26"/>
      </object_component>
      <object_component id="oc-cd">
         <name>.debug_info</name>
         <load_address>0x590a3</load_address>
         <run_address>0x590a3</run_address>
         <size>0x5fa</size>
         <input_file_ref idref="fl-27"/>
      </object_component>
      <object_component id="oc-d2">
         <name>.debug_info</name>
         <load_address>0x5969d</load_address>
         <run_address>0x5969d</run_address>
         <size>0x46f</size>
         <input_file_ref idref="fl-28"/>
      </object_component>
      <object_component id="oc-d7">
         <name>.debug_info</name>
         <load_address>0x59b0c</load_address>
         <run_address>0x59b0c</run_address>
         <size>0x19e</size>
         <input_file_ref idref="fl-29"/>
      </object_component>
      <object_component id="oc-d9">
         <name>.debug_info</name>
         <load_address>0x59caa</load_address>
         <run_address>0x59caa</run_address>
         <size>0x43d</size>
         <input_file_ref idref="fl-2a"/>
      </object_component>
      <object_component id="oc-de">
         <name>.debug_info</name>
         <load_address>0x5a0e7</load_address>
         <run_address>0x5a0e7</run_address>
         <size>0x13aa</size>
         <input_file_ref idref="fl-2b"/>
      </object_component>
      <object_component id="oc-e3">
         <name>.debug_info</name>
         <load_address>0x5b491</load_address>
         <run_address>0x5b491</run_address>
         <size>0x4b9</size>
         <input_file_ref idref="fl-2c"/>
      </object_component>
      <object_component id="oc-e8">
         <name>.debug_info</name>
         <load_address>0x5b94a</load_address>
         <run_address>0x5b94a</run_address>
         <size>0x793</size>
         <input_file_ref idref="fl-2d"/>
      </object_component>
      <object_component id="oc-ed">
         <name>.debug_info</name>
         <load_address>0x5c0dd</load_address>
         <run_address>0x5c0dd</run_address>
         <size>0x230a</size>
         <input_file_ref idref="fl-2e"/>
      </object_component>
      <object_component id="oc-f3">
         <name>.debug_info</name>
         <load_address>0x5e3e7</load_address>
         <run_address>0x5e3e7</run_address>
         <size>0x372</size>
         <input_file_ref idref="fl-2f"/>
      </object_component>
      <object_component id="oc-f8">
         <name>.debug_info</name>
         <load_address>0x5e759</load_address>
         <run_address>0x5e759</run_address>
         <size>0x2d8f</size>
         <input_file_ref idref="fl-30"/>
      </object_component>
      <object_component id="oc-fd">
         <name>.debug_info</name>
         <load_address>0x614e8</load_address>
         <run_address>0x614e8</run_address>
         <size>0x6a6</size>
         <input_file_ref idref="fl-31"/>
      </object_component>
      <object_component id="oc-102">
         <name>.debug_info</name>
         <load_address>0x61b8e</load_address>
         <run_address>0x61b8e</run_address>
         <size>0x9e02</size>
         <input_file_ref idref="fl-32"/>
      </object_component>
      <object_component id="oc-107">
         <name>.debug_info</name>
         <load_address>0x6b990</load_address>
         <run_address>0x6b990</run_address>
         <size>0x1376</size>
         <input_file_ref idref="fl-33"/>
      </object_component>
      <object_component id="oc-10c">
         <name>.debug_info</name>
         <load_address>0x6cd06</load_address>
         <run_address>0x6cd06</run_address>
         <size>0x4358</size>
         <input_file_ref idref="fl-34"/>
      </object_component>
      <object_component id="oc-111">
         <name>.debug_info</name>
         <load_address>0x7105e</load_address>
         <run_address>0x7105e</run_address>
         <size>0xd0b2</size>
         <input_file_ref idref="fl-3a"/>
      </object_component>
      <object_component id="oc-116">
         <name>.debug_info</name>
         <load_address>0x7e110</load_address>
         <run_address>0x7e110</run_address>
         <size>0xe379</size>
         <input_file_ref idref="fl-3b"/>
      </object_component>
      <object_component id="oc-11b">
         <name>.debug_info</name>
         <load_address>0x8c489</load_address>
         <run_address>0x8c489</run_address>
         <size>0xcf1e</size>
         <input_file_ref idref="fl-3c"/>
      </object_component>
      <object_component id="oc-121">
         <name>.debug_info</name>
         <load_address>0x993a7</load_address>
         <run_address>0x993a7</run_address>
         <size>0xd4e7</size>
         <input_file_ref idref="fl-3d"/>
      </object_component>
      <object_component id="oc-126">
         <name>.debug_info</name>
         <load_address>0xa688e</load_address>
         <run_address>0xa688e</run_address>
         <size>0xceab</size>
         <input_file_ref idref="fl-3e"/>
      </object_component>
      <object_component id="oc-12b">
         <name>.debug_info</name>
         <load_address>0xb3739</load_address>
         <run_address>0xb3739</run_address>
         <size>0xd6d3</size>
         <input_file_ref idref="fl-3f"/>
      </object_component>
      <object_component id="oc-132">
         <name>.debug_info</name>
         <load_address>0xc0e0c</load_address>
         <run_address>0xc0e0c</run_address>
         <size>0x173</size>
         <input_file_ref idref="fl-4b"/>
      </object_component>
      <object_component id="oc-137">
         <name>.debug_info</name>
         <load_address>0xc0f7f</load_address>
         <run_address>0xc0f7f</run_address>
         <size>0x114</size>
         <input_file_ref idref="fl-4c"/>
      </object_component>
      <object_component id="oc-13c">
         <name>.debug_info</name>
         <load_address>0xc1093</load_address>
         <run_address>0xc1093</run_address>
         <size>0x176</size>
         <input_file_ref idref="fl-4d"/>
      </object_component>
      <object_component id="oc-141">
         <name>.debug_info</name>
         <load_address>0xc1209</load_address>
         <run_address>0xc1209</run_address>
         <size>0x14e</size>
         <input_file_ref idref="fl-4e"/>
      </object_component>
      <object_component id="oc-146">
         <name>.debug_info</name>
         <load_address>0xc1357</load_address>
         <run_address>0xc1357</run_address>
         <size>0x141</size>
         <input_file_ref idref="fl-4f"/>
      </object_component>
      <object_component id="oc-14b">
         <name>.debug_info</name>
         <load_address>0xc1498</load_address>
         <run_address>0xc1498</run_address>
         <size>0x1a5</size>
         <input_file_ref idref="fl-50"/>
      </object_component>
      <object_component id="oc-150">
         <name>.debug_info</name>
         <load_address>0xc163d</load_address>
         <run_address>0xc163d</run_address>
         <size>0x12f</size>
         <input_file_ref idref="fl-51"/>
      </object_component>
      <object_component id="oc-154">
         <name>.debug_info</name>
         <load_address>0xc176c</load_address>
         <run_address>0xc176c</run_address>
         <size>0x561</size>
         <input_file_ref idref="fl-52"/>
      </object_component>
      <object_component id="oc-159">
         <name>.debug_info</name>
         <load_address>0xc1ccd</load_address>
         <run_address>0xc1ccd</run_address>
         <size>0x43a</size>
         <input_file_ref idref="fl-53"/>
      </object_component>
      <object_component id="oc-15e">
         <name>.debug_info</name>
         <load_address>0xc2107</load_address>
         <run_address>0xc2107</run_address>
         <size>0x3ad</size>
         <input_file_ref idref="fl-54"/>
      </object_component>
      <object_component id="oc-163">
         <name>.debug_info</name>
         <load_address>0xc24b4</load_address>
         <run_address>0xc24b4</run_address>
         <size>0x3aa</size>
         <input_file_ref idref="fl-55"/>
      </object_component>
      <object_component id="oc-168">
         <name>.debug_info</name>
         <load_address>0xc285e</load_address>
         <run_address>0xc285e</run_address>
         <size>0x544</size>
         <input_file_ref idref="fl-56"/>
      </object_component>
      <object_component id="oc-16f">
         <name>.debug_info</name>
         <load_address>0xc2da2</load_address>
         <run_address>0xc2da2</run_address>
         <size>0x4cc</size>
         <input_file_ref idref="fl-57"/>
      </object_component>
      <object_component id="oc-174">
         <name>.debug_info</name>
         <load_address>0xc326e</load_address>
         <run_address>0xc326e</run_address>
         <size>0x467</size>
         <input_file_ref idref="fl-58"/>
      </object_component>
      <object_component id="oc-1df">
         <name>.debug_info</name>
         <load_address>0xc36d5</load_address>
         <run_address>0xc36d5</run_address>
         <size>0xb9</size>
      </object_component>
      <object_component id="oc-16">
         <name>.debug_frame</name>
         <load_address>0x0</load_address>
         <run_address>0x0</run_address>
         <size>0x2b8</size>
         <input_file_ref idref="fl-2"/>
      </object_component>
      <object_component id="oc-24">
         <name>.debug_frame</name>
         <load_address>0x2b8</load_address>
         <run_address>0x2b8</run_address>
         <size>0x428</size>
         <input_file_ref idref="fl-4"/>
      </object_component>
      <object_component id="oc-29">
         <name>.debug_frame</name>
         <load_address>0x6e0</load_address>
         <run_address>0x6e0</run_address>
         <size>0x98</size>
         <input_file_ref idref="fl-5"/>
      </object_component>
      <object_component id="oc-2f">
         <name>.debug_frame</name>
         <load_address>0x778</load_address>
         <run_address>0x778</run_address>
         <size>0x98</size>
         <input_file_ref idref="fl-6"/>
      </object_component>
      <object_component id="oc-34">
         <name>.debug_frame</name>
         <load_address>0x810</load_address>
         <run_address>0x810</run_address>
         <size>0x7c</size>
         <input_file_ref idref="fl-7"/>
      </object_component>
      <object_component id="oc-39">
         <name>.debug_frame</name>
         <load_address>0x88c</load_address>
         <run_address>0x88c</run_address>
         <size>0x18c</size>
         <input_file_ref idref="fl-8"/>
      </object_component>
      <object_component id="oc-40">
         <name>.debug_frame</name>
         <load_address>0xa18</load_address>
         <run_address>0xa18</run_address>
         <size>0x33c</size>
         <input_file_ref idref="fl-9"/>
      </object_component>
      <object_component id="oc-45">
         <name>.debug_frame</name>
         <load_address>0xd54</load_address>
         <run_address>0xd54</run_address>
         <size>0x194</size>
         <input_file_ref idref="fl-a"/>
      </object_component>
      <object_component id="oc-4a">
         <name>.debug_frame</name>
         <load_address>0xee8</load_address>
         <run_address>0xee8</run_address>
         <size>0x504</size>
         <input_file_ref idref="fl-b"/>
      </object_component>
      <object_component id="oc-50">
         <name>.debug_frame</name>
         <load_address>0x13ec</load_address>
         <run_address>0x13ec</run_address>
         <size>0x6f4</size>
         <input_file_ref idref="fl-c"/>
      </object_component>
      <object_component id="oc-55">
         <name>.debug_frame</name>
         <load_address>0x1ae0</load_address>
         <run_address>0x1ae0</run_address>
         <size>0x28c</size>
         <input_file_ref idref="fl-d"/>
      </object_component>
      <object_component id="oc-5a">
         <name>.debug_frame</name>
         <load_address>0x1d6c</load_address>
         <run_address>0x1d6c</run_address>
         <size>0x7c</size>
         <input_file_ref idref="fl-e"/>
      </object_component>
      <object_component id="oc-5f">
         <name>.debug_frame</name>
         <load_address>0x1de8</load_address>
         <run_address>0x1de8</run_address>
         <size>0xb4</size>
         <input_file_ref idref="fl-f"/>
      </object_component>
      <object_component id="oc-66">
         <name>.debug_frame</name>
         <load_address>0x1e9c</load_address>
         <run_address>0x1e9c</run_address>
         <size>0x274</size>
         <input_file_ref idref="fl-11"/>
      </object_component>
      <object_component id="oc-6b">
         <name>.debug_frame</name>
         <load_address>0x2110</load_address>
         <run_address>0x2110</run_address>
         <size>0x28</size>
         <input_file_ref idref="fl-12"/>
      </object_component>
      <object_component id="oc-72">
         <name>.debug_frame</name>
         <load_address>0x2138</load_address>
         <run_address>0x2138</run_address>
         <size>0x28</size>
         <input_file_ref idref="fl-14"/>
      </object_component>
      <object_component id="oc-77">
         <name>.debug_frame</name>
         <load_address>0x2160</load_address>
         <run_address>0x2160</run_address>
         <size>0x28</size>
         <input_file_ref idref="fl-15"/>
      </object_component>
      <object_component id="oc-7c">
         <name>.debug_frame</name>
         <load_address>0x2188</load_address>
         <run_address>0x2188</run_address>
         <size>0x28</size>
         <input_file_ref idref="fl-16"/>
      </object_component>
      <object_component id="oc-81">
         <name>.debug_frame</name>
         <load_address>0x21b0</load_address>
         <run_address>0x21b0</run_address>
         <size>0x28</size>
         <input_file_ref idref="fl-17"/>
      </object_component>
      <object_component id="oc-86">
         <name>.debug_frame</name>
         <load_address>0x21d8</load_address>
         <run_address>0x21d8</run_address>
         <size>0x270</size>
         <input_file_ref idref="fl-18"/>
      </object_component>
      <object_component id="oc-8b">
         <name>.debug_frame</name>
         <load_address>0x2448</load_address>
         <run_address>0x2448</run_address>
         <size>0x28</size>
         <input_file_ref idref="fl-19"/>
      </object_component>
      <object_component id="oc-92">
         <name>.debug_frame</name>
         <load_address>0x2470</load_address>
         <run_address>0x2470</run_address>
         <size>0x17c</size>
         <input_file_ref idref="fl-1a"/>
      </object_component>
      <object_component id="oc-97">
         <name>.debug_frame</name>
         <load_address>0x25ec</load_address>
         <run_address>0x25ec</run_address>
         <size>0x28</size>
         <input_file_ref idref="fl-1b"/>
      </object_component>
      <object_component id="oc-9c">
         <name>.debug_frame</name>
         <load_address>0x2614</load_address>
         <run_address>0x2614</run_address>
         <size>0x28</size>
         <input_file_ref idref="fl-1c"/>
      </object_component>
      <object_component id="oc-a1">
         <name>.debug_frame</name>
         <load_address>0x263c</load_address>
         <run_address>0x263c</run_address>
         <size>0x28</size>
         <input_file_ref idref="fl-1d"/>
      </object_component>
      <object_component id="oc-a6">
         <name>.debug_frame</name>
         <load_address>0x2664</load_address>
         <run_address>0x2664</run_address>
         <size>0x28</size>
         <input_file_ref idref="fl-1e"/>
      </object_component>
      <object_component id="oc-ab">
         <name>.debug_frame</name>
         <load_address>0x268c</load_address>
         <run_address>0x268c</run_address>
         <size>0x28</size>
         <input_file_ref idref="fl-1f"/>
      </object_component>
      <object_component id="oc-b0">
         <name>.debug_frame</name>
         <load_address>0x26b4</load_address>
         <run_address>0x26b4</run_address>
         <size>0x15c</size>
         <input_file_ref idref="fl-20"/>
      </object_component>
      <object_component id="oc-b5">
         <name>.debug_frame</name>
         <load_address>0x2810</load_address>
         <run_address>0x2810</run_address>
         <size>0x28</size>
         <input_file_ref idref="fl-21"/>
      </object_component>
      <object_component id="oc-ba">
         <name>.debug_frame</name>
         <load_address>0x2838</load_address>
         <run_address>0x2838</run_address>
         <size>0x178</size>
         <input_file_ref idref="fl-22"/>
      </object_component>
      <object_component id="oc-c3">
         <name>.debug_frame</name>
         <load_address>0x29b0</load_address>
         <run_address>0x29b0</run_address>
         <size>0x11c</size>
         <input_file_ref idref="fl-25"/>
      </object_component>
      <object_component id="oc-c9">
         <name>.debug_frame</name>
         <load_address>0x2acc</load_address>
         <run_address>0x2acc</run_address>
         <size>0x144</size>
         <input_file_ref idref="fl-26"/>
      </object_component>
      <object_component id="oc-ce">
         <name>.debug_frame</name>
         <load_address>0x2c10</load_address>
         <run_address>0x2c10</run_address>
         <size>0x28</size>
         <input_file_ref idref="fl-27"/>
      </object_component>
      <object_component id="oc-d3">
         <name>.debug_frame</name>
         <load_address>0x2c38</load_address>
         <run_address>0x2c38</run_address>
         <size>0x28</size>
         <input_file_ref idref="fl-28"/>
      </object_component>
      <object_component id="oc-da">
         <name>.debug_frame</name>
         <load_address>0x2c60</load_address>
         <run_address>0x2c60</run_address>
         <size>0x28</size>
         <input_file_ref idref="fl-2a"/>
      </object_component>
      <object_component id="oc-df">
         <name>.debug_frame</name>
         <load_address>0x2c88</load_address>
         <run_address>0x2c88</run_address>
         <size>0x20c</size>
         <input_file_ref idref="fl-2b"/>
      </object_component>
      <object_component id="oc-e4">
         <name>.debug_frame</name>
         <load_address>0x2e94</load_address>
         <run_address>0x2e94</run_address>
         <size>0x28</size>
         <input_file_ref idref="fl-2c"/>
      </object_component>
      <object_component id="oc-e9">
         <name>.debug_frame</name>
         <load_address>0x2ebc</load_address>
         <run_address>0x2ebc</run_address>
         <size>0x28</size>
         <input_file_ref idref="fl-2d"/>
      </object_component>
      <object_component id="oc-ef">
         <name>.debug_frame</name>
         <load_address>0x2ee4</load_address>
         <run_address>0x2ee4</run_address>
         <size>0x2c0</size>
         <input_file_ref idref="fl-2e"/>
      </object_component>
      <object_component id="oc-f4">
         <name>.debug_frame</name>
         <load_address>0x31a4</load_address>
         <run_address>0x31a4</run_address>
         <size>0x28</size>
         <input_file_ref idref="fl-2f"/>
      </object_component>
      <object_component id="oc-f9">
         <name>.debug_frame</name>
         <load_address>0x31cc</load_address>
         <run_address>0x31cc</run_address>
         <size>0x28</size>
         <input_file_ref idref="fl-30"/>
      </object_component>
      <object_component id="oc-fe">
         <name>.debug_frame</name>
         <load_address>0x31f4</load_address>
         <run_address>0x31f4</run_address>
         <size>0x60</size>
         <input_file_ref idref="fl-31"/>
      </object_component>
      <object_component id="oc-103">
         <name>.debug_frame</name>
         <load_address>0x3254</load_address>
         <run_address>0x3254</run_address>
         <size>0xbac</size>
         <input_file_ref idref="fl-32"/>
      </object_component>
      <object_component id="oc-108">
         <name>.debug_frame</name>
         <load_address>0x3e00</load_address>
         <run_address>0x3e00</run_address>
         <size>0xd8</size>
         <input_file_ref idref="fl-33"/>
      </object_component>
      <object_component id="oc-10d">
         <name>.debug_frame</name>
         <load_address>0x3ed8</load_address>
         <run_address>0x3ed8</run_address>
         <size>0x530</size>
         <input_file_ref idref="fl-34"/>
      </object_component>
      <object_component id="oc-112">
         <name>.debug_frame</name>
         <load_address>0x4638</load_address>
         <run_address>0x4638</run_address>
         <size>0x4a</size>
         <input_file_ref idref="fl-3a"/>
      </object_component>
      <object_component id="oc-117">
         <name>.debug_frame</name>
         <load_address>0x4682</load_address>
         <run_address>0x4682</run_address>
         <size>0xfa</size>
         <input_file_ref idref="fl-3b"/>
      </object_component>
      <object_component id="oc-11d">
         <name>.debug_frame</name>
         <load_address>0x477c</load_address>
         <run_address>0x477c</run_address>
         <size>0x4a</size>
         <input_file_ref idref="fl-3c"/>
      </object_component>
      <object_component id="oc-122">
         <name>.debug_frame</name>
         <load_address>0x47c6</load_address>
         <run_address>0x47c6</run_address>
         <size>0x9a</size>
         <input_file_ref idref="fl-3d"/>
      </object_component>
      <object_component id="oc-127">
         <name>.debug_frame</name>
         <load_address>0x4860</load_address>
         <run_address>0x4860</run_address>
         <size>0x43</size>
         <input_file_ref idref="fl-3e"/>
      </object_component>
      <object_component id="oc-12c">
         <name>.debug_frame</name>
         <load_address>0x48a3</load_address>
         <run_address>0x48a3</run_address>
         <size>0x4b</size>
         <input_file_ref idref="fl-3f"/>
      </object_component>
      <object_component id="oc-155">
         <name>.debug_frame</name>
         <load_address>0x4408</load_address>
         <run_address>0x4408</run_address>
         <size>0x60</size>
         <input_file_ref idref="fl-52"/>
      </object_component>
      <object_component id="oc-15a">
         <name>.debug_frame</name>
         <load_address>0x4468</load_address>
         <run_address>0x4468</run_address>
         <size>0x40</size>
         <input_file_ref idref="fl-53"/>
      </object_component>
      <object_component id="oc-15f">
         <name>.debug_frame</name>
         <load_address>0x44a8</load_address>
         <run_address>0x44a8</run_address>
         <size>0x40</size>
         <input_file_ref idref="fl-54"/>
      </object_component>
      <object_component id="oc-164">
         <name>.debug_frame</name>
         <load_address>0x44e8</load_address>
         <run_address>0x44e8</run_address>
         <size>0x40</size>
         <input_file_ref idref="fl-55"/>
      </object_component>
      <object_component id="oc-16b">
         <name>.debug_frame</name>
         <load_address>0x4528</load_address>
         <run_address>0x4528</run_address>
         <size>0x60</size>
         <input_file_ref idref="fl-56"/>
      </object_component>
      <object_component id="oc-170">
         <name>.debug_frame</name>
         <load_address>0x4588</load_address>
         <run_address>0x4588</run_address>
         <size>0x70</size>
         <input_file_ref idref="fl-57"/>
      </object_component>
      <object_component id="oc-175">
         <name>.debug_frame</name>
         <load_address>0x45f8</load_address>
         <run_address>0x45f8</run_address>
         <size>0x40</size>
         <input_file_ref idref="fl-58"/>
      </object_component>
      <object_component id="oc-17">
         <name>.debug_line</name>
         <load_address>0x0</load_address>
         <run_address>0x0</run_address>
         <size>0x25d</size>
         <input_file_ref idref="fl-2"/>
      </object_component>
      <object_component id="oc-1c">
         <name>.debug_line</name>
         <load_address>0x25d</load_address>
         <run_address>0x25d</run_address>
         <size>0x63</size>
         <input_file_ref idref="fl-3"/>
      </object_component>
      <object_component id="oc-25">
         <name>.debug_line</name>
         <load_address>0x2c0</load_address>
         <run_address>0x2c0</run_address>
         <size>0xbc1</size>
         <input_file_ref idref="fl-4"/>
      </object_component>
      <object_component id="oc-2a">
         <name>.debug_line</name>
         <load_address>0xe81</load_address>
         <run_address>0xe81</run_address>
         <size>0x122</size>
         <input_file_ref idref="fl-5"/>
      </object_component>
      <object_component id="oc-30">
         <name>.debug_line</name>
         <load_address>0xfa3</load_address>
         <run_address>0xfa3</run_address>
         <size>0x135</size>
         <input_file_ref idref="fl-6"/>
      </object_component>
      <object_component id="oc-35">
         <name>.debug_line</name>
         <load_address>0x10d8</load_address>
         <run_address>0x10d8</run_address>
         <size>0x87</size>
         <input_file_ref idref="fl-7"/>
      </object_component>
      <object_component id="oc-3a">
         <name>.debug_line</name>
         <load_address>0x115f</load_address>
         <run_address>0x115f</run_address>
         <size>0x262</size>
         <input_file_ref idref="fl-8"/>
      </object_component>
      <object_component id="oc-41">
         <name>.debug_line</name>
         <load_address>0x13c1</load_address>
         <run_address>0x13c1</run_address>
         <size>0x656</size>
         <input_file_ref idref="fl-9"/>
      </object_component>
      <object_component id="oc-46">
         <name>.debug_line</name>
         <load_address>0x1a17</load_address>
         <run_address>0x1a17</run_address>
         <size>0x27e</size>
         <input_file_ref idref="fl-a"/>
      </object_component>
      <object_component id="oc-4b">
         <name>.debug_line</name>
         <load_address>0x1c95</load_address>
         <run_address>0x1c95</run_address>
         <size>0x64a</size>
         <input_file_ref idref="fl-b"/>
      </object_component>
      <object_component id="oc-51">
         <name>.debug_line</name>
         <load_address>0x22df</load_address>
         <run_address>0x22df</run_address>
         <size>0xf35</size>
         <input_file_ref idref="fl-c"/>
      </object_component>
      <object_component id="oc-56">
         <name>.debug_line</name>
         <load_address>0x3214</load_address>
         <run_address>0x3214</run_address>
         <size>0x666</size>
         <input_file_ref idref="fl-d"/>
      </object_component>
      <object_component id="oc-5b">
         <name>.debug_line</name>
         <load_address>0x387a</load_address>
         <run_address>0x387a</run_address>
         <size>0x97</size>
         <input_file_ref idref="fl-e"/>
      </object_component>
      <object_component id="oc-60">
         <name>.debug_line</name>
         <load_address>0x3911</load_address>
         <run_address>0x3911</run_address>
         <size>0x142</size>
         <input_file_ref idref="fl-f"/>
      </object_component>
      <object_component id="oc-67">
         <name>.debug_line</name>
         <load_address>0x3a53</load_address>
         <run_address>0x3a53</run_address>
         <size>0x4b4</size>
         <input_file_ref idref="fl-11"/>
      </object_component>
      <object_component id="oc-6c">
         <name>.debug_line</name>
         <load_address>0x3f07</load_address>
         <run_address>0x3f07</run_address>
         <size>0x3b</size>
         <input_file_ref idref="fl-12"/>
      </object_component>
      <object_component id="oc-73">
         <name>.debug_line</name>
         <load_address>0x3f42</load_address>
         <run_address>0x3f42</run_address>
         <size>0x59</size>
         <input_file_ref idref="fl-14"/>
      </object_component>
      <object_component id="oc-78">
         <name>.debug_line</name>
         <load_address>0x3f9b</load_address>
         <run_address>0x3f9b</run_address>
         <size>0x3d</size>
         <input_file_ref idref="fl-15"/>
      </object_component>
      <object_component id="oc-7d">
         <name>.debug_line</name>
         <load_address>0x3fd8</load_address>
         <run_address>0x3fd8</run_address>
         <size>0x40</size>
         <input_file_ref idref="fl-16"/>
      </object_component>
      <object_component id="oc-82">
         <name>.debug_line</name>
         <load_address>0x4018</load_address>
         <run_address>0x4018</run_address>
         <size>0x3b</size>
         <input_file_ref idref="fl-17"/>
      </object_component>
      <object_component id="oc-87">
         <name>.debug_line</name>
         <load_address>0x4053</load_address>
         <run_address>0x4053</run_address>
         <size>0x2f2</size>
         <input_file_ref idref="fl-18"/>
      </object_component>
      <object_component id="oc-8c">
         <name>.debug_line</name>
         <load_address>0x4345</load_address>
         <run_address>0x4345</run_address>
         <size>0x5b</size>
[...]
         <value>0x87d80</value>
         <object_component_ref idref="oc-185"/>
      </symbol>
      <symbol id="sm-91f">
         <name>_setModBusGPIO</name>
         <value>0x87d0e</value>
         <object_component_ref idref="oc-185"/>
      </symbol>
      <symbol id="sm-921">
         <name>_I2CputData</name>
         <value>0x881e4</value>
         <object_component_ref idref="oc-185"/>
      </symbol>
      <symbol id="sm-923">
         <name>_I2CsetSlaveAddress</name>
         <value>0x881d6</value>
         <object_component_ref idref="oc-185"/>
      </symbol>
      <symbol id="sm-925">
         <name>_I2CenableFIFO</name>
         <value>0x881c9</value>
         <object_component_ref idref="oc-185"/>
      </symbol>
      <symbol id="sm-927">
         <name>_CANMSGObjectSetup</name>
         <value>0x87f49</value>
         <object_component_ref idref="oc-185"/>
      </symbol>
      <symbol id="sm-929">
         <name>_I2CgetStopConditionStatus</name>
         <value>0x881c2</value>
         <object_component_ref idref="oc-185"/>
      </symbol>
      <symbol id="sm-92b">
         <name>_InitialiseChargerInPins</name>
         <value>0x87fa4</value>
         <object_component_ref idref="oc-185"/>
      </symbol>
      <symbol id="sm-92d">
         <name>_CPUTimerInit</name>
         <value>0x88146</value>
         <object_component_ref idref="oc-185"/>
      </symbol>
      <symbol id="sm-92f">
         <name>_MCU_UART_TxRxData</name>
         <value>0x87c24</value>
         <object_component_ref idref="oc-185"/>
      </symbol>
      <symbol id="sm-931">
         <name>_I2CsendStopCondition</name>
         <value>0x881f8</value>
         <object_component_ref idref="oc-185"/>
      </symbol>
      <symbol id="sm-933">
         <name>_InitialiseCAN</name>
         <value>0x87ef0</value>
         <object_component_ref idref="oc-185"/>
      </symbol>
      <symbol id="sm-935">
         <name>_WriteDGPIO</name>
         <value>0x87dae</value>
         <object_component_ref idref="oc-185"/>
      </symbol>
      <symbol id="sm-937">
         <name>_InitialiseChargerOutPins</name>
         <value>0x87fbf</value>
         <object_component_ref idref="oc-185"/>
      </symbol>
      <symbol id="sm-939">
         <name>_Timeout_MS</name>
         <value>0x87db8</value>
         <object_component_ref idref="oc-185"/>
      </symbol>
      <symbol id="sm-93b">
         <name>_CANclearGlobalInterruptStatus</name>
         <value>0x88241</value>
         <object_component_ref idref="oc-185"/>
      </symbol>
      <symbol id="sm-93d">
         <name>_CPUTimergetTimerCount</name>
         <value>0x8824e</value>
         <object_component_ref idref="oc-185"/>
      </symbol>
      <symbol id="sm-93f">
         <name>_I2CgetTxFIFOStatus</name>
         <value>0x881f1</value>
         <object_component_ref idref="oc-185"/>
      </symbol>
      <symbol id="sm-941">
         <name>_SCI_BreakDtect</name>
         <value>0x88212</value>
         <object_component_ref idref="oc-185"/>
      </symbol>
      <symbol id="sm-943">
         <name>_setModBusUART</name>
         <value>0x87d4c</value>
         <object_component_ref idref="oc-185"/>
      </symbol>
      <symbol id="sm-945">
         <name>_GunFlowMeterPinInit</name>
         <value>0x8816d</value>
         <object_component_ref idref="oc-185"/>
      </symbol>
      <symbol id="sm-947">
         <name>_ADC_Init</name>
         <value>0x880e1</value>
         <object_component_ref idref="oc-185"/>
      </symbol>
      <symbol id="sm-949">
         <name>_CANInterruptEnable</name>
         <value>0x87f87</value>
         <object_component_ref idref="oc-185"/>
      </symbol>
      <symbol id="sm-94b">
         <name>_GetNT1000TempValue</name>
         <value>0x87e63</value>
         <object_component_ref idref="oc-185"/>
      </symbol>
      <symbol id="sm-96e">
         <name>_ModbusFrameRegisterRead</name>
         <value>0x8adff</value>
         <object_component_ref idref="oc-1ab"/>
      </symbol>
      <symbol id="sm-970">
         <name>_Modbus_Init</name>
         <value>0x8adfa</value>
         <object_component_ref idref="oc-1ab"/>
      </symbol>
      <symbol id="sm-972">
         <name>_CRC16</name>
         <value>0x8ae41</value>
         <object_component_ref idref="oc-1ab"/>
      </symbol>
      <symbol id="sm-974">
         <name>_CRCTable</name>
         <value>0x8f000</value>
         <object_component_ref idref="oc-1ba"/>
      </symbol>
      <symbol id="sm-975">
         <name>_ReadRegisters</name>
         <value>0x8ae69</value>
         <object_component_ref idref="oc-1ab"/>
      </symbol>
      <symbol id="sm-977">
         <name>_ModbusFrameRegisterWrite</name>
         <value>0x8afc7</value>
         <object_component_ref idref="oc-1ab"/>
      </symbol>
      <symbol id="sm-979">
         <name>_Modbus_TxRx</name>
         <value>0x8ae2e</value>
         <object_component_ref idref="oc-1ab"/>
      </symbol>
      <symbol id="sm-99f">
         <name>_WriteConfiguration1</name>
         <value>0x89f92</value>
         <object_component_ref idref="oc-1b3"/>
      </symbol>
      <symbol id="sm-9a1">
         <name>_WriteConfiguration0</name>
         <value>0x89f78</value>
         <object_component_ref idref="oc-1b3"/>
      </symbol>
      <symbol id="sm-9a3">
         <name>_ReadPullUpPullDownSelect1</name>
         <value>0x8a0a3</value>
         <object_component_ref idref="oc-1b3"/>
      </symbol>
      <symbol id="sm-9a5">
         <name>_ReadPullUpPullDownSelect0</name>
         <value>0x8a089</value>
         <object_component_ref idref="oc-1b3"/>
      </symbol>
      <symbol id="sm-9a7">
         <name>_ReadInputPort0</name>
         <value>0x89ef7</value>
         <object_component_ref idref="oc-1b3"/>
      </symbol>
      <symbol id="sm-9a9">
         <name>_ReadInputPort1</name>
         <value>0x89f03</value>
         <object_component_ref idref="oc-1b3"/>
      </symbol>
      <symbol id="sm-9ab">
         <name>_ReadPullUpPullDownEnable1</name>
         <value>0x8a06f</value>
         <object_component_ref idref="oc-1b3"/>
      </symbol>
      <symbol id="sm-9ad">
         <name>_ReadPullUpPullDownEnable0</name>
         <value>0x8a055</value>
         <object_component_ref idref="oc-1b3"/>
      </symbol>
      <symbol id="sm-9af">
         <name>_WritePolarityInversion1</name>
         <value>0x89f51</value>
         <object_component_ref idref="oc-1b3"/>
      </symbol>
      <symbol id="sm-9b1">
         <name>_WritePolarityInversion0</name>
         <value>0x89f44</value>
         <object_component_ref idref="oc-1b3"/>
      </symbol>
      <symbol id="sm-9b3">
         <name>_ReadInputLatch1</name>
         <value>0x8a03b</value>
         <object_component_ref idref="oc-1b3"/>
      </symbol>
      <symbol id="sm-9b5">
         <name>_ReadInputLatch0</name>
         <value>0x8a021</value>
         <object_component_ref idref="oc-1b3"/>
      </symbol>
      <symbol id="sm-9b7">
         <name>_ReadConfiguration1</name>
         <value>0x89f9f</value>
         <object_component_ref idref="oc-1b3"/>
      </symbol>
      <symbol id="sm-9b9">
         <name>_ReadConfiguration0</name>
         <value>0x89f85</value>
         <object_component_ref idref="oc-1b3"/>
      </symbol>
      <symbol id="sm-9bb">
         <name>_WritePullUpPullDownSelect1</name>
         <value>0x8a096</value>
         <object_component_ref idref="oc-1b3"/>
      </symbol>
      <symbol id="sm-9bd">
         <name>_WritePullUpPullDownSelect0</name>
         <value>0x8a07c</value>
         <object_component_ref idref="oc-1b3"/>
      </symbol>
      <symbol id="sm-9bf">
         <name>_TCAL9539_ReadRegister</name>
         <value>0x89e56</value>
         <object_component_ref idref="oc-1b3"/>
      </symbol>
      <symbol id="sm-9c1">
         <name>_ReadOutputPort1</name>
         <value>0x89f37</value>
         <object_component_ref idref="oc-1b3"/>
      </symbol>
      <symbol id="sm-9c3">
         <name>_ReadOutputPort0</name>
         <value>0x89f2a</value>
         <object_component_ref idref="oc-1b3"/>
      </symbol>
      <symbol id="sm-9c5">
         <name>_ReadPolarityInversion1</name>
         <value>0x89f6b</value>
         <object_component_ref idref="oc-1b3"/>
      </symbol>
      <symbol id="sm-9c7">
         <name>_ReadPolarityInversion0</name>
         <value>0x89f5e</value>
         <object_component_ref idref="oc-1b3"/>
      </symbol>
      <symbol id="sm-9c9">
         <name>_WriteOutputPortConfig</name>
         <value>0x8a0fe</value>
         <object_component_ref idref="oc-1b3"/>
      </symbol>
      <symbol id="sm-9cb">
         <name>_WritePullUpPullDownEnable1</name>
         <value>0x8a062</value>
         <object_component_ref idref="oc-1b3"/>
      </symbol>
      <symbol id="sm-9cd">
         <name>_WritePullUpPullDownEnable0</name>
         <value>0x8a048</value>
         <object_component_ref idref="oc-1b3"/>
      </symbol>
      <symbol id="sm-9cf">
         <name>_ReadOutputDriveStrength1</name>
         <value>0x89fd3</value>
         <object_component_ref idref="oc-1b3"/>
      </symbol>
      <symbol id="sm-9d1">
         <name>_ReadOutputDriveStrength0</name>
         <value>0x89fb9</value>
         <object_component_ref idref="oc-1b3"/>
      </symbol>
      <symbol id="sm-9d3">
         <name>_ReadOutputDriveStrength3</name>
         <value>0x8a007</value>
         <object_component_ref idref="oc-1b3"/>
      </symbol>
      <symbol id="sm-9d5">
         <name>_ReadOutputDriveStrength2</name>
         <value>0x89fed</value>
         <object_component_ref idref="oc-1b3"/>
      </symbol>
      <symbol id="sm-9d7">
         <name>_WriteInputLatch1</name>
         <value>0x8a02e</value>
         <object_component_ref idref="oc-1b3"/>
      </symbol>
      <symbol id="sm-9d9">
         <name>_WriteInputLatch0</name>
         <value>0x8a014</value>
         <object_component_ref idref="oc-1b3"/>
      </symbol>
      <symbol id="sm-9db">
         <name>_WriteOutputPort1</name>
         <value>0x89f1d</value>
         <object_component_ref idref="oc-1b3"/>
      </symbol>
      <symbol id="sm-9dd">
         <name>_WriteOutputPort0</name>
         <value>0x89f10</value>
         <object_component_ref idref="oc-1b3"/>
      </symbol>
      <symbol id="sm-9df">
         <name>_WriteInterruptMask1</name>
         <value>0x8a0ca</value>
         <object_component_ref idref="oc-1b3"/>
      </symbol>
      <symbol id="sm-9e1">
         <name>_WriteInterruptMask0</name>
         <value>0x8a0b0</value>
         <object_component_ref idref="oc-1b3"/>
      </symbol>
      <symbol id="sm-9e3">
         <name>_ReadInterruptMask1</name>
         <value>0x8a0d7</value>
         <object_component_ref idref="oc-1b3"/>
      </symbol>
      <symbol id="sm-9e5">
         <name>_ReadInterruptMask0</name>
         <value>0x8a0bd</value>
         <object_component_ref idref="oc-1b3"/>
      </symbol>
      <symbol id="sm-9e7">
         <name>_WriteOutputDriveStrength1</name>
         <value>0x89fc6</value>
         <object_component_ref idref="oc-1b3"/>
      </symbol>
      <symbol id="sm-9e9">
         <name>_WriteOutputDriveStrength0</name>
         <value>0x89fac</value>
         <object_component_ref idref="oc-1b3"/>
      </symbol>
      <symbol id="sm-9eb">
         <name>_WriteOutputDriveStrength3</name>
         <value>0x89ffa</value>
         <object_component_ref idref="oc-1b3"/>
      </symbol>
      <symbol id="sm-9ed">
         <name>_WriteOutputDriveStrength2</name>
         <value>0x89fe0</value>
         <object_component_ref idref="oc-1b3"/>
      </symbol>
      <symbol id="sm-9ef">
         <name>_TCAL9539_WriteRegister</name>
         <value>0x89deb</value>
         <object_component_ref idref="oc-1b3"/>
      </symbol>
      <symbol id="sm-9f1">
         <name>_ReadInterruptStatus1</name>
         <value>0x8a0f1</value>
         <object_component_ref idref="oc-1b3"/>
      </symbol>
      <symbol id="sm-9f3">
         <name>_ReadInterruptStatus0</name>
         <value>0x8a0e4</value>
         <object_component_ref idref="oc-1b3"/>
      </symbol>
      <symbol id="sm-9f5">
         <name>_ReadOutputPortConfig</name>
         <value>0x8a10b</value>
         <object_component_ref idref="oc-1b3"/>
      </symbol>
      <symbol id="sm-a0a">
         <name>_Fapi_issueAsyncCommandWithAddress</name>
         <value>0x8be7f</value>
         <object_component_ref idref="oc-1a0"/>
      </symbol>
      <symbol id="sm-a33">
         <name>_Fapi_serviceWatchdogTimer</name>
         <value>0x8c273</value>
         <object_component_ref idref="oc-1c2"/>
      </symbol>
      <symbol id="sm-a34">
         <name>__Fapi_issueFsmCommand</name>
         <value>0x8bfda</value>
         <object_component_ref idref="oc-1b5"/>
      </symbol>
      <symbol id="sm-a35">
         <name>_Fapi_setupEepromSectorEnable</name>
         <value>0x8bee3</value>
         <object_component_ref idref="oc-1bf"/>
      </symbol>
      <symbol id="sm-a36">
         <name>_Fapi_setActiveFlashBank</name>
         <value>0x8c00a</value>
         <object_component_ref idref="oc-19e"/>
      </symbol>
      <symbol id="sm-a37">
         <name>__Fapi_setupSectorsForWrite</name>
         <value>0x8c065</value>
         <object_component_ref idref="oc-1b6"/>
      </symbol>
      <symbol id="sm-a38">
         <name>_Fapi_setupBankSectorEnable</name>
         <value>0x8c137</value>
         <object_component_ref idref="oc-1c0"/>
      </symbol>
      <symbol id="sm-a39">
         <name>_Fapi_getFsmStatus</name>
         <value>0x8c26c</value>
         <object_component_ref idref="oc-1a1"/>
      </symbol>
      <symbol id="sm-a4b">
         <name>_Fapi_initializeAPI</name>
         <value>0x8bba5</value>
         <object_component_ref idref="oc-19c"/>
      </symbol>
      <symbol id="sm-a4c">
         <name>_Fapi_GlobalInit</name>
         <value>0xac66</value>
         <object_component_ref idref="oc-11c"/>
      </symbol>
      <symbol id="sm-a64">
         <name>_Fapi_calculateFletcherChecksum</name>
         <value>0x8c039</value>
         <object_component_ref idref="oc-1c1"/>
      </symbol>
      <symbol id="sm-a65">
         <name>__Fapi_calculateOtpChecksum</name>
         <value>0x8c245</value>
         <object_component_ref idref="oc-1bd"/>
      </symbol>
      <symbol id="sm-a66">
         <name>__Fapi_divideUnsignedLong</name>
         <value>0x8c090</value>
         <object_component_ref idref="oc-1bc"/>
      </symbol>
      <symbol id="sm-a67">
         <name>__Fapi_scaleCycleValues</name>
         <value>0x8c22b</value>
         <object_component_ref idref="oc-1be"/>
      </symbol>
      <symbol id="sm-a75">
         <name>_Fapi_checkFsmForReady</name>
         <value>0x8c23a</value>
         <object_component_ref idref="oc-19d"/>
      </symbol>
      <symbol id="sm-aa5">
         <name>_Fapi_issueProgrammingCommand</name>
         <value>0x8b3da</value>
         <object_component_ref idref="oc-1a2"/>
      </symbol>
      <symbol id="sm-ac0">
         <name>_c_int00</name>
         <value>0x8bf3f</value>
         <object_component_ref idref="oc-11"/>
      </symbol>
      <symbol id="sm-ac1">
         <name>__stack</name>
         <value>0x400</value>
         <object_component_ref idref="oc-130"/>
      </symbol>
      <symbol id="sm-ad2">
         <name>FS$$DIV</name>
         <value>0x8bd7d</value>
         <object_component_ref idref="oc-136"/>
      </symbol>
      <symbol id="sm-ade">
         <name>LL$$AND</name>
         <value>0x8c201</value>
         <object_component_ref idref="oc-13b"/>
      </symbol>
      <symbol id="sm-adf">
         <name>LL$$OR</name>
         <value>0x8c209</value>
         <object_component_ref idref="oc-13b"/>
      </symbol>
      <symbol id="sm-ae0">
         <name>LL$$XOR</name>
         <value>0x8c211</value>
         <object_component_ref idref="oc-13b"/>
      </symbol>
      <symbol id="sm-aee">
         <name>ULL$$CMP</name>
         <value>0x8c1d8</value>
         <object_component_ref idref="oc-140"/>
      </symbol>
      <symbol id="sm-aef">
         <name>LL$$CMP</name>
         <value>0x8c1c6</value>
         <object_component_ref idref="oc-140"/>
      </symbol>
      <symbol id="sm-afb">
         <name>U$$MOD</name>
         <value>0x8c255</value>
         <object_component_ref idref="oc-145"/>
      </symbol>
      <symbol id="sm-afc">
         <name>U$$DIV</name>
         <value>0x8c250</value>
         <object_component_ref idref="oc-145"/>
      </symbol>
      <symbol id="sm-b08">
         <name>UL$$MOD</name>
         <value>0x8c108</value>
         <object_component_ref idref="oc-14a"/>
      </symbol>
      <symbol id="sm-b09">
         <name>L$$MOD</name>
         <value>0x8c0f3</value>
         <object_component_ref idref="oc-14a"/>
      </symbol>
      <symbol id="sm-b0a">
         <name>L$$DIV</name>
         <value>0x8c0e4</value>
         <object_component_ref idref="oc-14a"/>
      </symbol>
      <symbol id="sm-b0b">
         <name>UL$$DIV</name>
         <value>0x8c101</value>
         <object_component_ref idref="oc-14a"/>
      </symbol>
      <symbol id="sm-b1b">
         <name>FS$$TOULL</name>
         <value>0x8c15f</value>
         <object_component_ref idref="oc-14f"/>
      </symbol>
      <symbol id="sm-b2a">
         <name>_copy_in</name>
         <value>0x8c184</value>
         <object_component_ref idref="oc-17a"/>
      </symbol>
      <symbol id="sm-b3c">
         <name>_memcpy</name>
         <value>0x8c1e4</value>
         <object_component_ref idref="oc-18c"/>
      </symbol>
      <symbol id="sm-b49">
         <name>__system_pre_init</name>
         <value>0x8c275</value>
         <object_component_ref idref="oc-179"/>
      </symbol>
      <symbol id="sm-b57">
         <name>__system_post_cinit</name>
         <value>0x8c277</value>
         <object_component_ref idref="oc-17b"/>
      </symbol>
      <symbol id="sm-b6c">
         <name>C$$EXIT</name>
         <value>0x8c10e</value>
         <object_component_ref idref="oc-17d"/>
      </symbol>
      <symbol id="sm-b6d">
         <name>_exit</name>
         <value>0x8c110</value>
         <object_component_ref idref="oc-17d"/>
      </symbol>
      <symbol id="sm-b6f">
         <name>___TI_cleanup_ptr</name>
         <value>0xad50</value>
         <object_component_ref idref="oc-16a"/>
      </symbol>
      <symbol id="sm-b70">
         <name>___TI_enable_exit_profile_output</name>
         <value>0xad4e</value>
         <object_component_ref idref="oc-16a"/>
      </symbol>
      <symbol id="sm-b71">
         <name>_abort</name>
         <value>0x8c10e</value>
         <object_component_ref idref="oc-17d"/>
      </symbol>
      <symbol id="sm-b73">
         <name>___TI_dtors_ptr</name>
         <value>0xad52</value>
         <object_component_ref idref="oc-16a"/>
      </symbol>
      <symbol id="sm-b87">
         <name>__unlock</name>
         <value>0xad64</value>
         <object_component_ref idref="oc-1bb"/>
      </symbol>
      <symbol id="sm-b88">
         <name>__lock</name>
         <value>0xad62</value>
         <object_component_ref idref="oc-18d"/>
      </symbol>
      <symbol id="sm-b89">
         <name>__register_lock</name>
         <value>0x8c25f</value>
         <object_component_ref idref="oc-1b1"/>
      </symbol>
      <symbol id="sm-b8b">
         <name>__nop</name>
         <value>0x8c263</value>
         <object_component_ref idref="oc-1b1"/>
      </symbol>
      <symbol id="sm-b8d">
         <name>__register_unlock</name>
         <value>0x8c25b</value>
         <object_component_ref idref="oc-1b1"/>
      </symbol>
      <symbol id="sm-b9d">
         <name>__args_main</name>
         <value>0x8c219</value>
         <object_component_ref idref="oc-17c"/>
      </symbol>
   </symbol_table>
   <title>Link successful</title>
</link_info>
