<?xml version="1.0" encoding="ISO-8859-1" ?>
<link_info>
   <banner>TMS320C2000 Linker PC v22.6.1.LTS</banner>
   <copyright>Copyright (c) 1996-2018 Texas Instruments Incorporated</copyright>
   <link_time>0x695d1550</link_time>
   <link_errors>0x0</link_errors>
   <output_file>Tetra_Tower_RNLTonhe.out</output_file>
   <entry_point>
      <name>_c_int00</name>
      <address>0x8bf42</address>
   </entry_point>
   <input_file_list>
      <input_file id="fl-2">
         <path>.\</path>
         <kind>object</kind>
         <file>InterruptHandling.obj</file>
         <name>InterruptHandling.obj</name>
      </input_file>
      <input_file id="fl-3">
         <path>.\</path>
         <kind>object</kind>
         <file>f28004x_codestartbranch.obj</file>
         <name>f28004x_codestartbranch.obj</name>
      </input_file>
      <input_file id="fl-4">
         <path>.\</path>
         <kind>object</kind>
         <file>main.obj</file>
         <name>main.obj</name>
      </input_file>
      <input_file id="fl-5">
         <path>.\ApplicationLayer\</path>
         <kind>object</kind>
         <file>ACEMeter.obj</file>
         <name>ACEMeter.obj</name>
      </input_file>
      <input_file id="fl-6">
         <path>.\ApplicationLayer\</path>
         <kind>object</kind>
         <file>DCEMeter.obj</file>
         <name>DCEMeter.obj</name>
      </input_file>
      <input_file id="fl-7">
         <path>.\ApplicationLayer\</path>
         <kind>object</kind>
         <file>IMD.obj</file>
         <name>IMD.obj</name>
      </input_file>
      <input_file id="fl-8">
         <path>.\ApplicationLayer\</path>
         <kind>object</kind>
         <file>MuxIO.obj</file>
         <name>MuxIO.obj</name>
      </input_file>
      <input_file id="fl-9">
         <path>.\ApplicationLayer\</path>
         <kind>object</kind>
         <file>RNL.obj</file>
         <name>RNL.obj</name>
      </input_file>
      <input_file id="fl-a">
         <path>.\ApplicationLayer\</path>
         <kind>object</kind>
         <file>TonheCAN.obj</file>
         <name>TonheCAN.obj</name>
      </input_file>
      <input_file id="fl-b">
         <path>.\ChargerLevel\</path>
         <kind>object</kind>
         <file>CMSCAN.obj</file>
         <name>CMSCAN.obj</name>
      </input_file>
      <input_file id="fl-c">
         <path>.\ChargerLevel\</path>
         <kind>object</kind>
         <file>Charger.obj</file>
         <name>Charger.obj</name>
      </input_file>
      <input_file id="fl-d">
         <path>.\ChargerLevel\</path>
         <kind>object</kind>
         <file>ChargerApp.obj</file>
         <name>ChargerApp.obj</name>
      </input_file>
      <input_file id="fl-e">
         <path>.\ChargerLevel\</path>
         <kind>object</kind>
         <file>ChargerApp_FCN01ACFaultFlag.obj</file>
         <name>ChargerApp_FCN01ACFaultFlag.obj</name>
      </input_file>
      <input_file id="fl-f">
         <path>.\MCU_HAL\driverlib\</path>
         <kind>object</kind>
         <file>adc.obj</file>
         <name>adc.obj</name>
      </input_file>
      <input_file id="fl-10">
         <path>.\MCU_HAL\driverlib\</path>
         <kind>object</kind>
         <file>asysctl.obj</file>
         <name>asysctl.obj</name>
      </input_file>
      <input_file id="fl-11">
         <path>.\MCU_HAL\driverlib\</path>
         <kind>object</kind>
         <file>can.obj</file>
         <name>can.obj</name>
      </input_file>
      <input_file id="fl-12">
         <path>.\MCU_HAL\driverlib\</path>
         <kind>object</kind>
         <file>cla.obj</file>
         <name>cla.obj</name>
      </input_file>
      <input_file id="fl-13">
         <path>.\MCU_HAL\driverlib\</path>
         <kind>object</kind>
         <file>clapromcrc.obj</file>
         <name>clapromcrc.obj</name>
      </input_file>
      <input_file id="fl-14">
         <path>.\MCU_HAL\driverlib\</path>
         <kind>object</kind>
         <file>clb.obj</file>
         <name>clb.obj</name>
      </input_file>
      <input_file id="fl-15">
         <path>.\MCU_HAL\driverlib\</path>
         <kind>object</kind>
         <file>cmpss.obj</file>
         <name>cmpss.obj</name>
      </input_file>
      <input_file id="fl-16">
         <path>.\MCU_HAL\driverlib\</path>
         <kind>object</kind>
         <file>cputimer.obj</file>
         <name>cputimer.obj</name>
      </input_file>
      <input_file id="fl-17">
         <path>.\MCU_HAL\driverlib\</path>
         <kind>object</kind>
         <file>dac.obj</file>
         <name>dac.obj</name>
      </input_file>
      <input_file id="fl-18">
         <path>.\MCU_HAL\driverlib\</path>
         <kind>object</kind>
         <file>dcc.obj</file>
         <name>dcc.obj</name>
      </input_file>
      <input_file id="fl-19">
         <path>.\MCU_HAL\driverlib\</path>
         <kind>object</kind>
         <file>dcsm.obj</file>
         <name>dcsm.obj</name>
      </input_file>
      <input_file id="fl-1a">
         <path>.\MCU_HAL\driverlib\</path>
         <kind>object</kind>
         <file>device.obj</file>
         <name>device.obj</name>
      </input_file>
      <input_file id="fl-1b">
         <path>.\MCU_HAL\driverlib\</path>
         <kind>object</kind>
         <file>dma.obj</file>
         <name>dma.obj</name>
      </input_file>
      <input_file id="fl-1c">
         <path>.\MCU_HAL\driverlib\</path>
         <kind>object</kind>
         <file>ecap.obj</file>
         <name>ecap.obj</name>
      </input_file>
      <input_file id="fl-1d">
         <path>.\MCU_HAL\driverlib\</path>
         <kind>object</kind>
         <file>epwm.obj</file>
         <name>epwm.obj</name>
      </input_file>
      <input_file id="fl-1e">
         <path>.\MCU_HAL\driverlib\</path>
         <kind>object</kind>
         <file>eqep.obj</file>
         <name>eqep.obj</name>
      </input_file>
      <input_file id="fl-1f">
         <path>.\MCU_HAL\driverlib\</path>
         <kind>object</kind>
         <file>erad.obj</file>
         <name>erad.obj</name>
      </input_file>
      <input_file id="fl-20">
         <path>.\MCU_HAL\driverlib\</path>
         <kind>object</kind>
         <file>flash.obj</file>
         <name>flash.obj</name>
      </input_file>
      <input_file id="fl-21">
         <path>.\MCU_HAL\driverlib\</path>
         <kind>object</kind>
         <file>fsi.obj</file>
         <name>fsi.obj</name>
      </input_file>
      <input_file id="fl-22">
         <path>.\MCU_HAL\driverlib\</path>
         <kind>object</kind>
         <file>gpio.obj</file>
         <name>gpio.obj</name>
      </input_file>
      <input_file id="fl-23">
         <path>.\MCU_HAL\driverlib\</path>
         <kind>object</kind>
         <file>hrcap.obj</file>
         <name>hrcap.obj</name>
      </input_file>
      <input_file id="fl-24">
         <path>.\MCU_HAL\driverlib\</path>
         <kind>object</kind>
         <file>hrpwm.obj</file>
         <name>hrpwm.obj</name>
      </input_file>
      <input_file id="fl-25">
         <path>.\MCU_HAL\driverlib\</path>
         <kind>object</kind>
         <file>i2c.obj</file>
         <name>i2c.obj</name>
      </input_file>
      <input_file id="fl-26">
         <path>.\MCU_HAL\driverlib\</path>
         <kind>object</kind>
         <file>interrupt.obj</file>
         <name>interrupt.obj</name>
      </input_file>
      <input_file id="fl-27">
         <path>.\MCU_HAL\driverlib\</path>
         <kind>object</kind>
         <file>lin.obj</file>
         <name>lin.obj</name>
      </input_file>
      <input_file id="fl-28">
         <path>.\MCU_HAL\driverlib\</path>
         <kind>object</kind>
         <file>memcfg.obj</file>
         <name>memcfg.obj</name>
      </input_file>
      <input_file id="fl-29">
         <path>.\MCU_HAL\driverlib\</path>
         <kind>object</kind>
         <file>pga.obj</file>
         <name>pga.obj</name>
      </input_file>
      <input_file id="fl-2a">
         <path>.\MCU_HAL\driverlib\</path>
         <kind>object</kind>
         <file>pmbus.obj</file>
         <name>pmbus.obj</name>
      </input_file>
      <input_file id="fl-2b">
         <path>.\MCU_HAL\driverlib\</path>
         <kind>object</kind>
         <file>sci.obj</file>
         <name>sci.obj</name>
      </input_file>
      <input_file id="fl-2c">
         <path>.\MCU_HAL\driverlib\</path>
         <kind>object</kind>
         <file>sdfm.obj</file>
         <name>sdfm.obj</name>
      </input_file>
      <input_file id="fl-2d">
         <path>.\MCU_HAL\driverlib\</path>
         <kind>object</kind>
         <file>spi.obj</file>
         <name>spi.obj</name>
      </input_file>
      <input_file id="fl-2e">
         <path>.\MCU_HAL\driverlib\</path>
         <kind>object</kind>
         <file>sysctl.obj</file>
         <name>sysctl.obj</name>
      </input_file>
      <input_file id="fl-2f">
         <path>.\MCU_HAL\driverlib\</path>
         <kind>object</kind>
         <file>version.obj</file>
         <name>version.obj</name>
      </input_file>
      <input_file id="fl-30">
         <path>.\MCU_HAL\driverlib\</path>
         <kind>object</kind>
         <file>xbar.obj</file>
         <name>xbar.obj</name>
      </input_file>
      <input_file id="fl-31">
         <path>.\MIddleLayer\</path>
         <kind>object</kind>
         <file>J1939.obj</file>
         <name>J1939.obj</name>
      </input_file>
      <input_file id="fl-32">
         <path>.\MIddleLayer\</path>
         <kind>object</kind>
         <file>MCUspecific.obj</file>
         <name>MCUspecific.obj</name>
      </input_file>
      <input_file id="fl-33">
         <path>.\MIddleLayer\</path>
         <kind>object</kind>
         <file>Modbus.obj</file>
         <name>Modbus.obj</name>
      </input_file>
      <input_file id="fl-34">
         <path>.\MIddleLayer\</path>
         <kind>object</kind>
         <file>TCA9539.obj</file>
         <name>TCA9539.obj</name>
      </input_file>
      <input_file id="fl-39">
         <kind>object</kind>
         <file>&lt;internal&gt;</file>
         <name>&lt;internal&gt;</name>
      </input_file>
      <input_file id="fl-3a">
         <path>C:\ti\c2000\C2000Ware_5_04_00_00\libraries\flash_api\f28004x\lib\</path>
         <kind>archive</kind>
         <file>F021_API_F28004x_FPU32.lib</file>
         <name>Async.obj</name>
      </input_file>
      <input_file id="fl-3b">
         <path>C:\ti\c2000\C2000Ware_5_04_00_00\libraries\flash_api\f28004x\lib\</path>
         <kind>archive</kind>
         <file>F021_API_F28004x_FPU32.lib</file>
         <name>FlashStateMachine.obj</name>
      </input_file>
      <input_file id="fl-3c">
         <path>C:\ti\c2000\C2000Ware_5_04_00_00\libraries\flash_api\f28004x\lib\</path>
         <kind>archive</kind>
         <file>F021_API_F28004x_FPU32.lib</file>
         <name>Init.obj</name>
      </input_file>
      <input_file id="fl-3d">
         <path>C:\ti\c2000\C2000Ware_5_04_00_00\libraries\flash_api\f28004x\lib\</path>
         <kind>archive</kind>
         <file>F021_API_F28004x_FPU32.lib</file>
         <name>Utilities.obj</name>
      </input_file>
      <input_file id="fl-3e">
         <path>C:\ti\c2000\C2000Ware_5_04_00_00\libraries\flash_api\f28004x\lib\</path>
         <kind>archive</kind>
         <file>F021_API_F28004x_FPU32.lib</file>
         <name>FlashStateMachine.obj</name>
      </input_file>
      <input_file id="fl-3f">
         <path>C:\ti\c2000\C2000Ware_5_04_00_00\libraries\flash_api\f28004x\lib\</path>
         <kind>archive</kind>
         <file>F021_API_F28004x_FPU32.lib</file>
         <name>Program.obj</name>
      </input_file>
      <input_file id="fl-40">
         <path>C:\ti\ccs1281\ccs\tools\compiler\ti-cgt-c2000_22.6.1.LTS\lib\</path>
         <kind>archive</kind>
         <file>rts2800_fpu32.lib</file>
         <name>boot28.asm.obj</name>
      </input_file>
      <input_file id="fl-41">
         <path>C:\ti\ccs1281\ccs\tools\compiler\ti-cgt-c2000_22.6.1.LTS\lib\</path>
         <kind>archive</kind>
         <file>rts2800_fpu32.lib</file>
         <name>fs_div28.asm.obj</name>
      </input_file>
      <input_file id="fl-42">
         <path>C:\ti\ccs1281\ccs\tools\compiler\ti-cgt-c2000_22.6.1.LTS\lib\</path>
         <kind>archive</kind>
         <file>rts2800_fpu32.lib</file>
         <name>ll_aox28.asm.obj</name>
      </input_file>
      <input_file id="fl-43">
         <path>C:\ti\ccs1281\ccs\tools\compiler\ti-cgt-c2000_22.6.1.LTS\lib\</path>
         <kind>archive</kind>
         <file>rts2800_fpu32.lib</file>
         <name>ll_cmp28.asm.obj</name>
      </input_file>
      <input_file id="fl-44">
         <path>C:\ti\ccs1281\ccs\tools\compiler\ti-cgt-c2000_22.6.1.LTS\lib\</path>
         <kind>archive</kind>
         <file>rts2800_fpu32.lib</file>
         <name>u_div28.asm.obj</name>
      </input_file>
      <input_file id="fl-45">
         <path>C:\ti\ccs1281\ccs\tools\compiler\ti-cgt-c2000_22.6.1.LTS\lib\</path>
         <kind>archive</kind>
         <file>rts2800_fpu32.lib</file>
         <name>l_div28.asm.obj</name>
      </input_file>
      <input_file id="fl-46">
         <path>C:\ti\ccs1281\ccs\tools\compiler\ti-cgt-c2000_22.6.1.LTS\lib\</path>
         <kind>archive</kind>
         <file>rts2800_fpu32.lib</file>
         <name>fs_toullfpu32.asm.obj</name>
      </input_file>
      <input_file id="fl-47">
         <path>C:\ti\ccs1281\ccs\tools\compiler\ti-cgt-c2000_22.6.1.LTS\lib\</path>
         <kind>archive</kind>
         <file>rts2800_fpu32.lib</file>
         <name>cpy_tbl.c.obj</name>
      </input_file>
      <input_file id="fl-48">
         <path>C:\ti\ccs1281\ccs\tools\compiler\ti-cgt-c2000_22.6.1.LTS\lib\</path>
         <kind>archive</kind>
         <file>rts2800_fpu32.lib</file>
         <name>memcpy.c.obj</name>
      </input_file>
      <input_file id="fl-49">
         <path>C:\ti\ccs1281\ccs\tools\compiler\ti-cgt-c2000_22.6.1.LTS\lib\</path>
         <kind>archive</kind>
         <file>rts2800_fpu32.lib</file>
         <name>pre_init.c.obj</name>
      </input_file>
      <input_file id="fl-4a">
         <path>C:\ti\ccs1281\ccs\tools\compiler\ti-cgt-c2000_22.6.1.LTS\lib\</path>
         <kind>archive</kind>
         <file>rts2800_fpu32.lib</file>
         <name>startup.c.obj</name>
      </input_file>
      <input_file id="fl-4b">
         <path>C:\ti\ccs1281\ccs\tools\compiler\ti-cgt-c2000_22.6.1.LTS\lib\</path>
         <kind>archive</kind>
         <file>rts2800_fpu32.lib</file>
         <name>exit.c.obj</name>
      </input_file>
      <input_file id="fl-4c">
         <path>C:\ti\ccs1281\ccs\tools\compiler\ti-cgt-c2000_22.6.1.LTS\lib\</path>
         <kind>archive</kind>
         <file>rts2800_fpu32.lib</file>
         <name>_lock.c.obj</name>
      </input_file>
      <input_file id="fl-4d">
         <path>C:\ti\ccs1281\ccs\tools\compiler\ti-cgt-c2000_22.6.1.LTS\lib\</path>
         <kind>archive</kind>
         <file>rts2800_fpu32.lib</file>
         <name>args_main.c.obj</name>
      </input_file>
   </input_file_list>
   <object_component_list>
      <object_component id="oc-1b">
         <name>codestart</name>
         <load_address>0x85000</load_address>
         <run_address>0x85000</run_address>
         <size>0x2</size>
         <input_file_ref idref="fl-3"/>
      </object_component>
      <object_component id="oc-183">
         <name>.text</name>
         <load_address>0x85004</load_address>
         <run_address>0x85004</run_address>
         <size>0x12a0</size>
         <input_file_ref idref="fl-c"/>
      </object_component>
      <object_component id="oc-184">
         <name>.text</name>
         <load_address>0x862a4</load_address>
         <run_address>0x862a4</run_address>
         <size>0xb9a</size>
         <input_file_ref idref="fl-d"/>
      </object_component>
      <object_component id="oc-18b">
         <name>.text</name>
         <load_address>0x86e3e</load_address>
         <run_address>0x86e3e</run_address>
         <size>0xad6</size>
         <input_file_ref idref="fl-b"/>
      </object_component>
      <object_component id="oc-185">
         <name>.text</name>
         <load_address>0x87914</load_address>
         <run_address>0x87914</run_address>
         <size>0xa29</size>
         <input_file_ref idref="fl-32"/>
      </object_component>
      <object_component id="oc-18a">
         <name>.text</name>
         <load_address>0x8833d</load_address>
         <run_address>0x8833d</run_address>
         <size>0x6c6</size>
         <input_file_ref idref="fl-4"/>
      </object_component>
      <object_component id="oc-182">
         <name>.text</name>
         <load_address>0x88a03</load_address>
         <run_address>0x88a03</run_address>
         <size>0x5a6</size>
         <input_file_ref idref="fl-9"/>
      </object_component>
      <object_component id="oc-23">
         <name>.text:retain</name>
         <load_address>0x88fa9</load_address>
         <run_address>0x88fa9</run_address>
         <size>0x53d</size>
         <input_file_ref idref="fl-4"/>
      </object_component>
      <object_component id="oc-17f">
         <name>.text</name>
         <load_address>0x894e6</load_address>
         <run_address>0x894e6</run_address>
         <size>0x4d0</size>
         <input_file_ref idref="fl-11"/>
      </object_component>
      <object_component id="oc-1b8">
         <name>.text</name>
         <load_address>0x899b6</load_address>
         <run_address>0x899b6</run_address>
         <size>0x41e</size>
         <input_file_ref idref="fl-2e"/>
      </object_component>
      <object_component id="oc-1b3">
         <name>.text</name>
         <load_address>0x89dd4</load_address>
         <run_address>0x89dd4</run_address>
         <size>0x347</size>
         <input_file_ref idref="fl-34"/>
      </object_component>
      <object_component id="oc-1b9">
         <name>.text</name>
         <load_address>0x8a11b</load_address>
         <run_address>0x8a11b</run_address>
         <size>0x324</size>
         <input_file_ref idref="fl-18"/>
      </object_component>
      <object_component id="oc-181">
         <name>.text</name>
         <load_address>0x8a43f</load_address>
         <run_address>0x8a43f</run_address>
         <size>0x2eb</size>
         <input_file_ref idref="fl-a"/>
      </object_component>
      <object_component id="oc-1b4">
         <name>.text:__Fapi_setupFlashStateMachine</name>
         <load_address>0x8a72a</load_address>
         <run_address>0x8a72a</run_address>
         <size>0x294</size>
         <input_file_ref idref="fl-3b"/>
      </object_component>
      <object_component id="oc-15">
         <name>.text:retain</name>
         <load_address>0x8a9be</load_address>
         <run_address>0x8a9be</run_address>
         <size>0x222</size>
         <input_file_ref idref="fl-2"/>
      </object_component>
      <object_component id="oc-1a5">
         <name>.text</name>
         <load_address>0x8abe0</load_address>
         <run_address>0x8abe0</run_address>
         <size>0x21d</size>
         <input_file_ref idref="fl-2b"/>
      </object_component>
      <object_component id="oc-1ab">
         <name>.text</name>
         <load_address>0x8adfd</load_address>
         <run_address>0x8adfd</run_address>
         <size>0x20e</size>
         <input_file_ref idref="fl-33"/>
      </object_component>
      <object_component id="oc-1a4">
         <name>.text</name>
         <load_address>0x8b00b</load_address>
         <run_address>0x8b00b</run_address>
         <size>0x1eb</size>
         <input_file_ref idref="fl-22"/>
      </object_component>
      <object_component id="oc-1aa">
         <name>.text</name>
         <load_address>0x8b1f6</load_address>
         <run_address>0x8b1f6</run_address>
         <size>0x1e7</size>
         <input_file_ref idref="fl-1a"/>
      </object_component>
      <object_component id="oc-1a2">
         <name>.text:_Fapi_issueProgrammingCommand</name>
         <load_address>0x8b3dd</load_address>
         <run_address>0x8b3dd</run_address>
         <size>0x1e0</size>
         <input_file_ref idref="fl-3f"/>
      </object_component>
      <object_component id="oc-1ac">
         <name>.text</name>
         <load_address>0x8b5bd</load_address>
         <run_address>0x8b5bd</run_address>
         <size>0x173</size>
         <input_file_ref idref="fl-26"/>
      </object_component>
      <object_component id="oc-198">
         <name>.text</name>
         <load_address>0x8b730</load_address>
         <run_address>0x8b730</run_address>
         <size>0x149</size>
         <input_file_ref idref="fl-8"/>
      </object_component>
      <object_component id="oc-1a9">
         <name>.text</name>
         <load_address>0x8b879</load_address>
         <run_address>0x8b879</run_address>
         <size>0x130</size>
         <input_file_ref idref="fl-f"/>
      </object_component>
      <object_component id="oc-1a8">
         <name>.text</name>
         <load_address>0x8b9a9</load_address>
         <run_address>0x8b9a9</run_address>
         <size>0x12e</size>
         <input_file_ref idref="fl-25"/>
      </object_component>
      <object_component id="oc-1af">
         <name>.text</name>
         <load_address>0x8bad7</load_address>
         <run_address>0x8bad7</run_address>
         <size>0xd1</size>
         <input_file_ref idref="fl-5"/>
      </object_component>
      <object_component id="oc-19c">
         <name>.text:_Fapi_initializeAPI</name>
         <load_address>0x8bba8</load_address>
         <run_address>0x8bba8</run_address>
         <size>0xa7</size>
         <input_file_ref idref="fl-3c"/>
      </object_component>
      <object_component id="oc-1b0">
         <name>.text</name>
         <load_address>0x8bc4f</load_address>
         <run_address>0x8bc4f</run_address>
         <size>0xa2</size>
         <input_file_ref idref="fl-6"/>
      </object_component>
      <object_component id="oc-1a3">
         <name>.text</name>
         <load_address>0x8bcf1</load_address>
         <run_address>0x8bcf1</run_address>
         <size>0x8f</size>
         <input_file_ref idref="fl-e"/>
      </object_component>
      <object_component id="oc-136">
         <name>.text</name>
         <load_address>0x8bd80</load_address>
         <run_address>0x8bd80</run_address>
         <size>0x88</size>
         <input_file_ref idref="fl-41"/>
      </object_component>
      <object_component id="oc-18f">
         <name>.text</name>
         <load_address>0x8be08</load_address>
         <run_address>0x8be08</run_address>
         <size>0x7a</size>
         <input_file_ref idref="fl-31"/>
      </object_component>
      <object_component id="oc-1a0">
         <name>.text:_Fapi_issueAsyncCommandWithAddress</name>
         <load_address>0x8be82</load_address>
         <run_address>0x8be82</run_address>
         <size>0x64</size>
         <input_file_ref idref="fl-3a"/>
      </object_component>
      <object_component id="oc-1bf">
         <name>.text:_Fapi_setupEepromSectorEnable</name>
         <load_address>0x8bee6</load_address>
         <run_address>0x8bee6</run_address>
         <size>0x5c</size>
         <input_file_ref idref="fl-3b"/>
      </object_component>
      <object_component id="oc-11">
         <name>.text</name>
         <load_address>0x8bf42</load_address>
         <run_address>0x8bf42</run_address>
         <size>0x56</size>
         <input_file_ref idref="fl-40"/>
      </object_component>
      <object_component id="oc-1ad">
         <name>.text</name>
         <load_address>0x8bf98</load_address>
         <run_address>0x8bf98</run_address>
         <size>0x45</size>
         <input_file_ref idref="fl-7"/>
      </object_component>
      <object_component id="oc-1b5">
         <name>.text:__Fapi_issueFsmCommand</name>
         <load_address>0x8bfdd</load_address>
         <run_address>0x8bfdd</run_address>
         <size>0x30</size>
         <input_file_ref idref="fl-3b"/>
      </object_component>
      <object_component id="oc-19e">
         <name>.text:_Fapi_setActiveFlashBank</name>
         <load_address>0x8c00d</load_address>
         <run_address>0x8c00d</run_address>
         <size>0x2f</size>
         <input_file_ref idref="fl-3b"/>
      </object_component>
      <object_component id="oc-1c1">
         <name>.text:_Fapi_calculateFletcherChecksum</name>
         <load_address>0x8c03c</load_address>
         <run_address>0x8c03c</run_address>
         <size>0x2c</size>
         <input_file_ref idref="fl-3d"/>
      </object_component>
      <object_component id="oc-1b6">
         <name>.text:__Fapi_setupSectorsForWrite</name>
         <load_address>0x8c068</load_address>
         <run_address>0x8c068</run_address>
         <size>0x2b</size>
         <input_file_ref idref="fl-3b"/>
      </object_component>
      <object_component id="oc-1bc">
         <name>.text:__Fapi_divideUnsignedLong</name>
         <load_address>0x8c093</load_address>
         <run_address>0x8c093</run_address>
         <size>0x2a</size>
         <input_file_ref idref="fl-3d"/>
      </object_component>
      <object_component id="oc-c8">
         <name>.text:retain</name>
         <load_address>0x8c0bd</load_address>
         <run_address>0x8c0bd</run_address>
         <size>0x2a</size>
         <input_file_ref idref="fl-26"/>
      </object_component>
      <object_component id="oc-14a">
         <name>.text</name>
         <load_address>0x8c0e7</load_address>
         <run_address>0x8c0e7</run_address>
         <size>0x2a</size>
         <input_file_ref idref="fl-45"/>
      </object_component>
      <object_component id="oc-17d">
         <name>.text</name>
         <load_address>0x8c111</load_address>
         <run_address>0x8c111</run_address>
         <size>0x29</size>
         <input_file_ref idref="fl-4b"/>
      </object_component>
      <object_component id="oc-1c0">
         <name>.text:_Fapi_setupBankSectorEnable</name>
         <load_address>0x8c13a</load_address>
         <run_address>0x8c13a</run_address>
         <size>0x28</size>
         <input_file_ref idref="fl-3b"/>
      </object_component>
      <object_component id="oc-14f">
         <name>.text</name>
         <load_address>0x8c162</load_address>
         <run_address>0x8c162</run_address>
         <size>0x25</size>
         <input_file_ref idref="fl-46"/>
      </object_component>
      <object_component id="oc-17a">
         <name>.text</name>
         <load_address>0x8c187</load_address>
         <run_address>0x8c187</run_address>
         <size>0x24</size>
         <input_file_ref idref="fl-47"/>
      </object_component>
      <object_component id="oc-17e">
         <name>.text</name>
         <load_address>0x8c1ab</load_address>
         <run_address>0x8c1ab</run_address>
         <size>0x1e</size>
         <input_file_ref idref="fl-2"/>
      </object_component>
      <object_component id="oc-140">
         <name>.text</name>
         <load_address>0x8c1c9</load_address>
         <run_address>0x8c1c9</run_address>
         <size>0x1e</size>
         <input_file_ref idref="fl-43"/>
      </object_component>
      <object_component id="oc-18c">
         <name>.text</name>
         <load_address>0x8c1e7</load_address>
         <run_address>0x8c1e7</run_address>
         <size>0x1d</size>
         <input_file_ref idref="fl-48"/>
      </object_component>
      <object_component id="oc-13b">
         <name>.text</name>
         <load_address>0x8c204</load_address>
         <run_address>0x8c204</run_address>
         <size>0x18</size>
         <input_file_ref idref="fl-42"/>
      </object_component>
      <object_component id="oc-17c">
         <name>.text</name>
         <load_address>0x8c21c</load_address>
         <run_address>0x8c21c</run_address>
         <size>0x12</size>
         <input_file_ref idref="fl-4d"/>
      </object_component>
      <object_component id="oc-1be">
         <name>.text:__Fapi_scaleCycleValues</name>
         <load_address>0x8c22e</load_address>
         <run_address>0x8c22e</run_address>
         <size>0xf</size>
         <input_file_ref idref="fl-3d"/>
      </object_component>
      <object_component id="oc-19d">
         <name>.text:_Fapi_checkFsmForReady</name>
         <load_address>0x8c23d</load_address>
         <run_address>0x8c23d</run_address>
         <size>0xb</size>
         <input_file_ref idref="fl-3e"/>
      </object_component>
      <object_component id="oc-1bd">
         <name>.text:__Fapi_calculateOtpChecksum</name>
         <load_address>0x8c248</load_address>
         <run_address>0x8c248</run_address>
         <size>0xb</size>
         <input_file_ref idref="fl-3d"/>
      </object_component>
      <object_component id="oc-145">
         <name>.text</name>
         <load_address>0x8c253</load_address>
         <run_address>0x8c253</run_address>
         <size>0xb</size>
         <input_file_ref idref="fl-44"/>
      </object_component>
      <object_component id="oc-1b1">
         <name>.text</name>
         <load_address>0x8c25e</load_address>
         <run_address>0x8c25e</run_address>
         <size>0x9</size>
         <input_file_ref idref="fl-4c"/>
      </object_component>
      <object_component id="oc-1a">
         <name>.text</name>
         <load_address>0x8c267</load_address>
         <run_address>0x8c267</run_address>
         <size>0x8</size>
         <input_file_ref idref="fl-3"/>
      </object_component>
      <object_component id="oc-1a1">
         <name>.text:_Fapi_getFsmStatus</name>
         <load_address>0x8c26f</load_address>
         <run_address>0x8c26f</run_address>
         <size>0x7</size>
         <input_file_ref idref="fl-3b"/>
      </object_component>
      <object_component id="oc-1c2">
         <name>.text:_Fapi_serviceWatchdogTimer</name>
         <load_address>0x8c276</load_address>
         <run_address>0x8c276</run_address>
         <size>0x2</size>
         <input_file_ref idref="fl-3b"/>
      </object_component>
      <object_component id="oc-179">
         <name>.text</name>
         <load_address>0x8c278</load_address>
         <run_address>0x8c278</run_address>
         <size>0x2</size>
         <input_file_ref idref="fl-49"/>
      </object_component>
      <object_component id="oc-17b">
         <name>.text</name>
         <load_address>0x8c27a</load_address>
         <run_address>0x8c27a</run_address>
         <size>0x1</size>
         <input_file_ref idref="fl-4a"/>
      </object_component>
      <object_component id="oc-1a7">
         <name>.cinit:_ptcTable</name>
         <load_address>0x8c27c</load_address>
         <run_address>0x8c27c</run_address>
         <size>0xc7</size>
         <input_file_ref idref="fl-32"/>
      </object_component>
      <object_component id="oc-21">
         <name>.cinit</name>
         <load_address>0x8c343</load_address>
         <run_address>0x8c343</run_address>
         <size>0x2e</size>
         <input_file_ref idref="fl-4"/>
      </object_component>
      <object_component id="oc-3e">
         <name>.cinit</name>
         <load_address>0x8c371</load_address>
         <run_address>0x8c371</run_address>
         <size>0x18</size>
         <input_file_ref idref="fl-9"/>
      </object_component>
      <object_component id="oc-13">
         <name>.cinit</name>
         <load_address>0x8c389</load_address>
         <run_address>0x8c389</run_address>
         <size>0x10</size>
         <input_file_ref idref="fl-2"/>
      </object_component>
      <object_component id="oc-169">
         <name>.cinit</name>
         <load_address>0x8c399</load_address>
         <run_address>0x8c399</run_address>
         <size>0xe</size>
         <input_file_ref idref="fl-4b"/>
      </object_component>
      <object_component id="oc-90">
         <name>.cinit</name>
         <load_address>0x8c3a7</load_address>
         <run_address>0x8c3a7</run_address>
         <size>0xa</size>
         <input_file_ref idref="fl-1a"/>
      </object_component>
      <object_component id="oc-191">
         <name>.cinit:_Rectifier_IregCheck$2</name>
         <load_address>0x8c3b1</load_address>
         <run_address>0x8c3b1</run_address>
         <size>0x9</size>
         <input_file_ref idref="fl-a"/>
      </object_component>
      <object_component id="oc-193">
         <name>.cinit:_Rectifier_count$1</name>
         <load_address>0x8c3ba</load_address>
         <run_address>0x8c3ba</run_address>
         <size>0x9</size>
         <input_file_ref idref="fl-a"/>
      </object_component>
      <object_component id="oc-18e">
         <name>.cinit:__lock</name>
         <load_address>0x8c3c3</load_address>
         <run_address>0x8c3c3</run_address>
         <size>0x5</size>
         <input_file_ref idref="fl-4c"/>
      </object_component>
      <object_component id="oc-1b2">
         <name>.cinit:__unlock</name>
         <load_address>0x8c3c8</load_address>
         <run_address>0x8c3c8</run_address>
         <size>0x5</size>
         <input_file_ref idref="fl-4c"/>
      </object_component>
      <object_component id="oc-131">
         <name>.reset</name>
         <load_address>0x3fffc0</load_address>
         <run_address>0x3fffc0</run_address>
         <size>0x2</size>
         <input_file_ref idref="fl-40"/>
      </object_component>
      <object_component id="oc-130">
         <name>.stack</name>
         <uninitialized>true</uninitialized>
         <run_address>0x400</run_address>
         <size>0x0</size>
         <input_file_ref idref="fl-40"/>
      </object_component>
      <object_component id="oc-1de">
         <name>.stack</name>
         <uninitialized>true</uninitialized>
         <run_address>0x400</run_address>
         <size>0x0</size>
      </object_component>
      <object_component id="oc-14">
         <name>.ebss</name>
         <uninitialized>true</uninitialized>
         <run_address>0xad54</run_address>
         <size>0x5</size>
         <input_file_ref idref="fl-2"/>
      </object_component>
      <object_component id="oc-22">
         <name>.ebss</name>
         <uninitialized>true</uninitialized>
         <run_address>0xa800</run_address>
         <size>0x452</size>
         <input_file_ref idref="fl-4"/>
      </object_component>
      <object_component id="oc-188">
         <name>.ebss:_Data1</name>
         <uninitialized>true</uninitialized>
         <run_address>0xad5c</run_address>
         <size>0x2</size>
         <input_file_ref idref="fl-4"/>
      </object_component>
      <object_component id="oc-187">
         <name>.ebss:_Data2</name>
         <uninitialized>true</uninitialized>
         <run_address>0xad5e</run_address>
         <size>0x2</size>
         <input_file_ref idref="fl-4"/>
      </object_component>
      <object_component id="oc-189">
         <name>.ebss:_I2Cstatus</name>
         <uninitialized>true</uninitialized>
         <run_address>0xad60</run_address>
         <size>0x2</size>
         <input_file_ref idref="fl-4"/>
      </object_component>
      <object_component id="oc-180">
         <name>.ebss:_TonheRightGun</name>
         <uninitialized>true</uninitialized>
         <run_address>0xae00</run_address>
         <size>0x5a</size>
         <input_file_ref idref="fl-4"/>
      </object_component>
      <object_component id="oc-186">
         <name>.ebss:_TonheLeftGun</name>
         <uninitialized>true</uninitialized>
         <run_address>0xad80</run_address>
         <size>0x5a</size>
         <input_file_ref idref="fl-4"/>
      </object_component>
      <object_component id="oc-2e">
         <name>.ebss</name>
         <uninitialized>true</uninitialized>
         <run_address>0xad5a</run_address>
         <size>0x2</size>
         <input_file_ref idref="fl-6"/>
      </object_component>
      <object_component id="oc-3f">
         <name>.ebss</name>
         <uninitialized>true</uninitialized>
         <run_address>0xac70</run_address>
         <size>0x6</size>
         <input_file_ref idref="fl-9"/>
      </object_component>
      <object_component id="oc-192">
         <name>.ebss:_Rectifier_count$1</name>
         <uninitialized>true</uninitialized>
         <run_address>0xad48</run_address>
         <size>0x6</size>
         <input_file_ref idref="fl-a"/>
      </object_component>
      <object_component id="oc-190">
         <name>.ebss:_Rectifier_IregCheck$2</name>
         <uninitialized>true</uninitialized>
         <run_address>0xac76</run_address>
         <size>0x6</size>
         <input_file_ref idref="fl-a"/>
      </object_component>
      <object_component id="oc-4f">
         <name>.ebss</name>
         <uninitialized>true</uninitialized>
         <run_address>0xac52</run_address>
         <size>0x13</size>
         <input_file_ref idref="fl-c"/>
      </object_component>
      <object_component id="oc-91">
         <name>.ebss</name>
         <uninitialized>true</uninitialized>
         <run_address>0xac7c</run_address>
         <size>0x4</size>
         <input_file_ref idref="fl-1a"/>
      </object_component>
      <object_component id="oc-1a6">
         <name>.ebss:_ptcTable</name>
         <uninitialized>true</uninitialized>
         <run_address>0xac80</run_address>
         <size>0xc8</size>
         <input_file_ref idref="fl-32"/>
      </object_component>
      <object_component id="oc-11c">
         <name>.ebss</name>
         <uninitialized>true</uninitialized>
         <run_address>0xac66</run_address>
         <size>0xa</size>
         <input_file_ref idref="fl-3c"/>
      </object_component>
      <object_component id="oc-16a">
         <name>.ebss</name>
         <uninitialized>true</uninitialized>
         <run_address>0xad4e</run_address>
         <size>0x6</size>
         <input_file_ref idref="fl-4b"/>
      </object_component>
      <object_component id="oc-18d">
         <name>.ebss:__lock</name>
         <uninitialized>true</uninitialized>
         <run_address>0xad62</run_address>
         <size>0x2</size>
         <input_file_ref idref="fl-4c"/>
      </object_component>
      <object_component id="oc-1bb">
         <name>.ebss:__unlock</name>
         <uninitialized>true</uninitialized>
         <run_address>0xad64</run_address>
         <size>0x2</size>
         <input_file_ref idref="fl-4c"/>
      </object_component>
      <object_component id="oc-1ba">
         <name>.econst:_CRCTable</name>
         <load_address>0x8f000</load_address>
         <run_address>0x8f000</run_address>
         <size>0x100</size>
         <input_file_ref idref="fl-33"/>
      </object_component>
      <object_component id="oc-194">
         <name>.econst:_$P$T0$3</name>
         <load_address>0x8f100</load_address>
         <run_address>0x8f100</run_address>
         <size>0x8</size>
         <input_file_ref idref="fl-9"/>
      </object_component>
      <object_component id="oc-195">
         <name>.econst:_$P$T1$4</name>
         <load_address>0x8f108</load_address>
         <run_address>0x8f108</run_address>
         <size>0x8</size>
         <input_file_ref idref="fl-9"/>
      </object_component>
      <object_component id="oc-196">
         <name>.econst:_$P$T6$5</name>
         <load_address>0x8f110</load_address>
         <run_address>0x8f110</run_address>
         <size>0x8</size>
         <input_file_ref idref="fl-c"/>
      </object_component>
      <object_component id="oc-197">
         <name>.econst:_$P$T7$6</name>
         <load_address>0x8f118</load_address>
         <run_address>0x8f118</run_address>
         <size>0x8</size>
         <input_file_ref idref="fl-c"/>
      </object_component>
      <object_component id="oc-19f">
         <name>.econst:_$P$T10$9</name>
         <load_address>0x8f120</load_address>
         <run_address>0x8f120</run_address>
         <size>0x1</size>
         <input_file_ref idref="fl-c"/>
      </object_component>
      <object_component id="oc-199">
         <name>.econst:_$P$T8$7</name>
         <load_address>0x8f121</load_address>
         <run_address>0x8f121</run_address>
         <size>0x1</size>
         <input_file_ref idref="fl-c"/>
      </object_component>
      <object_component id="oc-19a">
         <name>.econst:_$P$T9$8</name>
         <load_address>0x8f122</load_address>
         <run_address>0x8f122</run_address>
         <size>0x1</size>
         <input_file_ref idref="fl-c"/>
      </object_component>
      <object_component id="oc-1b7">
         <name>.TI.ramfunc</name>
         <load_address>0x8c3d0</load_address>
         <run_address>0x8000</run_address>
         <size>0xd1</size>
         <input_file_ref idref="fl-20"/>
      </object_component>
      <object_component id="oc-19b">
         <name>.TI.ramfunc</name>
         <load_address>0x8c4a1</load_address>
         <run_address>0x80d1</run_address>
         <size>0xe</size>
         <input_file_ref idref="fl-c"/>
      </object_component>
      <object_component id="oc-1ae">
         <name>.TI.ramfunc</name>
         <load_address>0x8c4af</load_address>
         <run_address>0x80df</run_address>
         <size>0xd</size>
         <input_file_ref idref="fl-4"/>
      </object_component>
      <object_component id="oc-ee">
         <name>.TI.ramfunc</name>
         <load_address>0x8c4bc</load_address>
         <run_address>0x80ec</run_address>
         <size>0x4</size>
         <input_file_ref idref="fl-2e"/>
      </object_component>
      <object_component id="oc-1c3">
         <name>.TI.memcrc:_ccs_flash_checksum</name>
         <load_address>0x0</load_address>
         <run_address>0x0</run_address>
         <size>0x7e</size>
      </object_component>
      <object_component id="oc-12">
         <name>.debug_info</name>
         <load_address>0x0</load_address>
         <run_address>0x0</run_address>
         <size>0x6493</size>
         <input_file_ref idref="fl-2"/>
      </object_component>
      <object_component id="oc-1d">
         <name>.debug_info</name>
         <load_address>0x6493</load_address>
         <run_address>0x6493</run_address>
         <size>0x140</size>
         <input_file_ref idref="fl-3"/>
      </object_component>
      <object_component id="oc-20">
         <name>.debug_info</name>
         <load_address>0x65d3</load_address>
         <run_address>0x65d3</run_address>
         <size>0xde3e</size>
         <input_file_ref idref="fl-4"/>
      </object_component>
      <object_component id="oc-28">
         <name>.debug_info</name>
         <load_address>0x14411</load_address>
         <run_address>0x14411</run_address>
         <size>0xf31</size>
         <input_file_ref idref="fl-5"/>
      </object_component>
      <object_component id="oc-2d">
         <name>.debug_info</name>
         <load_address>0x15342</load_address>
         <run_address>0x15342</run_address>
         <size>0xdc2</size>
         <input_file_ref idref="fl-6"/>
      </object_component>
      <object_component id="oc-33">
         <name>.debug_info</name>
         <load_address>0x16104</load_address>
         <run_address>0x16104</run_address>
         <size>0xc0c</size>
         <input_file_ref idref="fl-7"/>
      </object_component>
      <object_component id="oc-38">
         <name>.debug_info</name>
         <load_address>0x16d10</load_address>
         <run_address>0x16d10</run_address>
         <size>0x1680</size>
         <input_file_ref idref="fl-8"/>
      </object_component>
      <object_component id="oc-3d">
         <name>.debug_info</name>
         <load_address>0x18390</load_address>
         <run_address>0x18390</run_address>
         <size>0x5e38</size>
         <input_file_ref idref="fl-9"/>
      </object_component>
      <object_component id="oc-44">
         <name>.debug_info</name>
         <load_address>0x1e1c8</load_address>
         <run_address>0x1e1c8</run_address>
         <size>0x2465</size>
         <input_file_ref idref="fl-a"/>
      </object_component>
      <object_component id="oc-49">
         <name>.debug_info</name>
         <load_address>0x2062d</load_address>
         <run_address>0x2062d</run_address>
         <size>0x8a9b</size>
         <input_file_ref idref="fl-b"/>
      </object_component>
      <object_component id="oc-4e">
         <name>.debug_info</name>
         <load_address>0x290c8</load_address>
         <run_address>0x290c8</run_address>
         <size>0x19c9b</size>
         <input_file_ref idref="fl-c"/>
      </object_component>
      <object_component id="oc-54">
         <name>.debug_info</name>
         <load_address>0x42d63</load_address>
         <run_address>0x42d63</run_address>
         <size>0x65b9</size>
         <input_file_ref idref="fl-d"/>
      </object_component>
      <object_component id="oc-59">
         <name>.debug_info</name>
         <load_address>0x4931c</load_address>
         <run_address>0x4931c</run_address>
         <size>0x7c8</size>
         <input_file_ref idref="fl-e"/>
      </object_component>
      <object_component id="oc-5e">
         <name>.debug_info</name>
         <load_address>0x49ae4</load_address>
         <run_address>0x49ae4</run_address>
         <size>0xac4</size>
         <input_file_ref idref="fl-f"/>
      </object_component>
      <object_component id="oc-63">
         <name>.debug_info</name>
         <load_address>0x4a5a8</load_address>
         <run_address>0x4a5a8</run_address>
         <size>0x1ad</size>
         <input_file_ref idref="fl-10"/>
      </object_component>
      <object_component id="oc-65">
         <name>.debug_info</name>
         <load_address>0x4a755</load_address>
         <run_address>0x4a755</run_address>
         <size>0x1cec</size>
         <input_file_ref idref="fl-11"/>
      </object_component>
      <object_component id="oc-6a">
         <name>.debug_info</name>
         <load_address>0x4c441</load_address>
         <run_address>0x4c441</run_address>
         <size>0x9b1</size>
         <input_file_ref idref="fl-12"/>
      </object_component>
      <object_component id="oc-6f">
         <name>.debug_info</name>
         <load_address>0x4cdf2</load_address>
         <run_address>0x4cdf2</run_address>
         <size>0x1b0</size>
         <input_file_ref idref="fl-13"/>
      </object_component>
      <object_component id="oc-71">
         <name>.debug_info</name>
         <load_address>0x4cfa2</load_address>
         <run_address>0x4cfa2</run_address>
         <size>0x3ea</size>
         <input_file_ref idref="fl-14"/>
      </object_component>
      <object_component id="oc-76">
         <name>.debug_info</name>
         <load_address>0x4d38c</load_address>
         <run_address>0x4d38c</run_address>
         <size>0x3ac</size>
         <input_file_ref idref="fl-15"/>
      </object_component>
      <object_component id="oc-7b">
         <name>.debug_info</name>
         <load_address>0x4d738</load_address>
         <run_address>0x4d738</run_address>
         <size>0x439</size>
         <input_file_ref idref="fl-16"/>
      </object_component>
      <object_component id="oc-80">
         <name>.debug_info</name>
         <load_address>0x4db71</load_address>
         <run_address>0x4db71</run_address>
         <size>0x3c7</size>
         <input_file_ref idref="fl-17"/>
      </object_component>
      <object_component id="oc-85">
         <name>.debug_info</name>
         <load_address>0x4df38</load_address>
         <run_address>0x4df38</run_address>
         <size>0x1df2</size>
         <input_file_ref idref="fl-18"/>
      </object_component>
      <object_component id="oc-8a">
         <name>.debug_info</name>
         <load_address>0x4fd2a</load_address>
         <run_address>0x4fd2a</run_address>
         <size>0x8d9</size>
         <input_file_ref idref="fl-19"/>
      </object_component>
      <object_component id="oc-8f">
         <name>.debug_info</name>
         <load_address>0x50603</load_address>
         <run_address>0x50603</run_address>
         <size>0x21c5</size>
         <input_file_ref idref="fl-1a"/>
      </object_component>
      <object_component id="oc-96">
         <name>.debug_info</name>
         <load_address>0x527c8</load_address>
         <run_address>0x527c8</run_address>
         <size>0xcc1</size>
         <input_file_ref idref="fl-1b"/>
      </object_component>
      <object_component id="oc-9b">
         <name>.debug_info</name>
         <load_address>0x53489</load_address>
         <run_address>0x53489</run_address>
         <size>0x407</size>
         <input_file_ref idref="fl-1c"/>
      </object_component>
      <object_component id="oc-a0">
         <name>.debug_info</name>
         <load_address>0x53890</load_address>
         <run_address>0x53890</run_address>
         <size>0xbe3</size>
         <input_file_ref idref="fl-1d"/>
      </object_component>
      <object_component id="oc-a5">
         <name>.debug_info</name>
         <load_address>0x54473</load_address>
         <run_address>0x54473</run_address>
         <size>0x3ab</size>
         <input_file_ref idref="fl-1e"/>
      </object_component>
      <object_component id="oc-aa">
         <name>.debug_info</name>
         <load_address>0x5481e</load_address>
         <run_address>0x5481e</run_address>
         <size>0xb9c</size>
         <input_file_ref idref="fl-1f"/>
      </object_component>
      <object_component id="oc-af">
         <name>.debug_info</name>
         <load_address>0x553ba</load_address>
         <run_address>0x553ba</run_address>
         <size>0xeff</size>
         <input_file_ref idref="fl-20"/>
      </object_component>
      <object_component id="oc-b4">
         <name>.debug_info</name>
         <load_address>0x562b9</load_address>
         <run_address>0x562b9</run_address>
         <size>0x4ec</size>
         <input_file_ref idref="fl-21"/>
      </object_component>
      <object_component id="oc-b9">
         <name>.debug_info</name>
         <load_address>0x567a5</load_address>
         <run_address>0x567a5</run_address>
         <size>0x12a2</size>
         <input_file_ref idref="fl-22"/>
      </object_component>
      <object_component id="oc-be">
         <name>.debug_info</name>
         <load_address>0x57a47</load_address>
         <run_address>0x57a47</run_address>
         <size>0x1ab</size>
         <input_file_ref idref="fl-23"/>
      </object_component>
      <object_component id="oc-c0">
         <name>.debug_info</name>
         <load_address>0x57bf2</load_address>
         <run_address>0x57bf2</run_address>
         <size>0x1ab</size>
         <input_file_ref idref="fl-24"/>
      </object_component>
      <object_component id="oc-c2">
         <name>.debug_info</name>
         <load_address>0x57d9d</load_address>
         <run_address>0x57d9d</run_address>
         <size>0xbd9</size>
         <input_file_ref idref="fl-25"/>
      </object_component>
      <object_component id="oc-c7">
         <name>.debug_info</name>
         <load_address>0x58976</load_address>
         <run_address>0x58976</run_address>
         <size>0xbc5</size>
         <input_file_ref idref="fl-26"/>
      </object_component>
      <object_component id="oc-cd">
         <name>.debug_info</name>
         <load_address>0x5953b</load_address>
         <run_address>0x5953b</run_address>
         <size>0x605</size>
         <input_file_ref idref="fl-27"/>
      </object_component>
      <object_component id="oc-d2">
         <name>.debug_info</name>
         <load_address>0x59b40</load_address>
         <run_address>0x59b40</run_address>
         <size>0x47a</size>
         <input_file_ref idref="fl-28"/>
      </object_component>
      <object_component id="oc-d7">
         <name>.debug_info</name>
         <load_address>0x59fba</load_address>
         <run_address>0x59fba</run_address>
         <size>0x1a9</size>
         <input_file_ref idref="fl-29"/>
      </object_component>
      <object_component id="oc-d9">
         <name>.debug_info</name>
         <load_address>0x5a163</load_address>
         <run_address>0x5a163</run_address>
         <size>0x448</size>
         <input_file_ref idref="fl-2a"/>
      </object_component>
      <object_component id="oc-de">
         <name>.debug_info</name>
         <load_address>0x5a5ab</load_address>
         <run_address>0x5a5ab</run_address>
         <size>0x13b5</size>
         <input_file_ref idref="fl-2b"/>
      </object_component>
      <object_component id="oc-e3">
         <name>.debug_info</name>
         <load_address>0x5b960</load_address>
         <run_address>0x5b960</run_address>
         <size>0x4c4</size>
         <input_file_ref idref="fl-2c"/>
      </object_component>
      <object_component id="oc-e8">
         <name>.debug_info</name>
         <load_address>0x5be24</load_address>
         <run_address>0x5be24</run_address>
         <size>0x79e</size>
         <input_file_ref idref="fl-2d"/>
      </object_component>
      <object_component id="oc-ed">
         <name>.debug_info</name>
         <load_address>0x5c5c2</load_address>
         <run_address>0x5c5c2</run_address>
         <size>0x2315</size>
         <input_file_ref idref="fl-2e"/>
      </object_component>
      <object_component id="oc-f3">
         <name>.debug_info</name>
         <load_address>0x5e8d7</load_address>
         <run_address>0x5e8d7</run_address>
         <size>0x37d</size>
         <input_file_ref idref="fl-2f"/>
      </object_component>
      <object_component id="oc-f8">
         <name>.debug_info</name>
         <load_address>0x5ec54</load_address>
         <run_address>0x5ec54</run_address>
         <size>0x2d9a</size>
         <input_file_ref idref="fl-30"/>
      </object_component>
      <object_component id="oc-fd">
         <name>.debug_info</name>
         <load_address>0x619ee</load_address>
         <run_address>0x619ee</run_address>
         <size>0x6b1</size>
         <input_file_ref idref="fl-31"/>
      </object_component>
      <object_component id="oc-102">
         <name>.debug_info</name>
         <load_address>0x6209f</load_address>
         <run_address>0x6209f</run_address>
         <size>0xa31f</size>
         <input_file_ref idref="fl-32"/>
      </object_component>
      <object_component id="oc-107">
         <name>.debug_info</name>
         <load_address>0x6c3be</load_address>
         <run_address>0x6c3be</run_address>
         <size>0x1381</size>
         <input_file_ref idref="fl-33"/>
      </object_component>
      <object_component id="oc-10c">
         <name>.debug_info</name>
         <load_address>0x6d73f</load_address>
         <run_address>0x6d73f</run_address>
         <size>0x438f</size>
         <input_file_ref idref="fl-34"/>
      </object_component>
      <object_component id="oc-111">
         <name>.debug_info</name>
         <load_address>0x71ace</load_address>
         <run_address>0x71ace</run_address>
         <size>0xd0b2</size>
         <input_file_ref idref="fl-3a"/>
      </object_component>
      <object_component id="oc-116">
         <name>.debug_info</name>
         <load_address>0x7eb80</load_address>
         <run_address>0x7eb80</run_address>
         <size>0xe379</size>
         <input_file_ref idref="fl-3b"/>
      </object_component>
      <object_component id="oc-11b">
         <name>.debug_info</name>
         <load_address>0x8cef9</load_address>
         <run_address>0x8cef9</run_address>
         <size>0xcf1e</size>
         <input_file_ref idref="fl-3c"/>
      </object_component>
      <object_component id="oc-121">
         <name>.debug_info</name>
         <load_address>0x99e17</load_address>
         <run_address>0x99e17</run_address>
         <size>0xd4e7</size>
         <input_file_ref idref="fl-3d"/>
      </object_component>
      <object_component id="oc-126">
         <name>.debug_info</name>
         <load_address>0xa72fe</load_address>
         <run_address>0xa72fe</run_address>
         <size>0xceab</size>
         <input_file_ref idref="fl-3e"/>
      </object_component>
      <object_component id="oc-12b">
         <name>.debug_info</name>
         <load_address>0xb41a9</load_address>
         <run_address>0xb41a9</run_address>
         <size>0xd6d3</size>
         <input_file_ref idref="fl-3f"/>
      </object_component>
      <object_component id="oc-132">
         <name>.debug_info</name>
         <load_address>0xc187c</load_address>
         <run_address>0xc187c</run_address>
         <size>0x173</size>
         <input_file_ref idref="fl-40"/>
      </object_component>
      <object_component id="oc-137">
         <name>.debug_info</name>
         <load_address>0xc19ef</load_address>
         <run_address>0xc19ef</run_address>
         <size>0x114</size>
         <input_file_ref idref="fl-41"/>
      </object_component>
      <object_component id="oc-13c">
         <name>.debug_info</name>
         <load_address>0xc1b03</load_address>
         <run_address>0xc1b03</run_address>
         <size>0x176</size>
         <input_file_ref idref="fl-42"/>
      </object_component>
      <object_component id="oc-141">
         <name>.debug_info</name>
         <load_address>0xc1c79</load_address>
         <run_address>0xc1c79</run_address>
         <size>0x14e</size>
         <input_file_ref idref="fl-43"/>
      </object_component>
      <object_component id="oc-146">
         <name>.debug_info</name>
         <load_address>0xc1dc7</load_address>
         <run_address>0xc1dc7</run_address>
         <size>0x141</size>
         <input_file_ref idref="fl-44"/>
      </object_component>
      <object_component id="oc-14b">
         <name>.debug_info</name>
         <load_address>0xc1f08</load_address>
         <run_address>0xc1f08</run_address>
         <size>0x1a5</size>
         <input_file_ref idref="fl-45"/>
      </object_component>
      <object_component id="oc-150">
         <name>.debug_info</name>
         <load_address>0xc20ad</load_address>
         <run_address>0xc20ad</run_address>
         <size>0x12f</size>
         <input_file_ref idref="fl-46"/>
      </object_component>
      <object_component id="oc-154">
         <name>.debug_info</name>
         <load_address>0xc21dc</load_address>
         <run_address>0xc21dc</run_address>
         <size>0x561</size>
         <input_file_ref idref="fl-47"/>
      </object_component>
      <object_component id="oc-159">
         <name>.debug_info</name>
         <load_address>0xc273d</load_address>
         <run_address>0xc273d</run_address>
         <size>0x43a</size>
         <input_file_ref idref="fl-48"/>
      </object_component>
      <object_component id="oc-15e">
         <name>.debug_info</name>
         <load_address>0xc2b77</load_address>
         <run_address>0xc2b77</run_address>
         <size>0x3ad</size>
         <input_file_ref idref="fl-49"/>
      </object_component>
      <object_component id="oc-163">
         <name>.debug_info</name>
         <load_address>0xc2f24</load_address>
         <run_address>0xc2f24</run_address>
         <size>0x3aa</size>
         <input_file_ref idref="fl-4a"/>
      </object_component>
      <object_component id="oc-168">
         <name>.debug_info</name>
         <load_address>0xc32ce</load_address>
         <run_address>0xc32ce</run_address>
         <size>0x544</size>
         <input_file_ref idref="fl-4b"/>
      </object_component>
      <object_component id="oc-16f">
         <name>.debug_info</name>
         <load_address>0xc3812</load_address>
         <run_address>0xc3812</run_address>
         <size>0x4cc</size>
         <input_file_ref idref="fl-4c"/>
      </object_component>
      <object_component id="oc-174">
         <name>.debug_info</name>
         <load_address>0xc3cde</load_address>
         <run_address>0xc3cde</run_address>
         <size>0x467</size>
         <input_file_ref idref="fl-4d"/>
      </object_component>
      <object_component id="oc-1df">
         <name>.debug_info</name>
         <load_address>0xc4145</load_address>
         <run_address>0xc4145</run_address>
         <size>0xc4</size>
      </object_component>
      <object_component id="oc-16">
         <name>.debug_frame</name>
         <load_address>0x0</load_address>
         <run_address>0x0</run_address>
         <size>0x2b8</size>
         <input_file_ref idref="fl-2"/>
      </object_component>
      <object_component id="oc-24">
         <name>.debug_frame</name>
         <load_address>0x2b8</load_address>
         <run_address>0x2b8</run_address>
         <size>0x40c</size>
         <input_file_ref idref="fl-4"/>
      </object_component>
      <object_component id="oc-29">
         <name>.debug_frame</name>
         <load_address>0x6c4</load_address>
         <run_address>0x6c4</run_address>
         <size>0x98</size>
         <input_file_ref idref="fl-5"/>
      </object_component>
      <object_component id="oc-2f">
         <name>.debug_frame</name>
         <load_address>0x75c</load_address>
         <run_address>0x75c</run_address>
         <size>0x98</size>
         <input_file_ref idref="fl-6"/>
      </object_component>
      <object_component id="oc-34">
         <name>.debug_frame</name>
         <load_address>0x7f4</load_address>
         <run_address>0x7f4</run_address>
         <size>0x7c</size>
         <input_file_ref idref="fl-7"/>
      </object_component>
      <object_component id="oc-39">
         <name>.debug_frame</name>
         <load_address>0x870</load_address>
         <run_address>0x870</run_address>
         <size>0x18c</size>
         <input_file_ref idref="fl-8"/>
      </object_component>
      <object_component id="oc-40">
         <name>.debug_frame</name>
         <load_address>0x9fc</load_address>
         <run_address>0x9fc</run_address>
         <size>0x33c</size>
         <input_file_ref idref="fl-9"/>
      </object_component>
      <object_component id="oc-45">
         <name>.debug_frame</name>
         <load_address>0xd38</load_address>
         <run_address>0xd38</run_address>
         <size>0x194</size>
         <input_file_ref idref="fl-a"/>
      </object_component>
      <object_component id="oc-4a">
         <name>.debug_frame</name>
         <load_address>0xecc</load_address>
         <run_address>0xecc</run_address>
         <size>0x504</size>
         <input_file_ref idref="fl-b"/>
      </object_component>
      <object_component id="oc-50">
         <name>.debug_frame</name>
         <load_address>0x13d0</load_address>
         <run_address>0x13d0</run_address>
         <size>0x6f4</size>
         <input_file_ref idref="fl-c"/>
      </object_component>
      <object_component id="oc-55">
         <name>.debug_frame</name>
         <load_address>0x1ac4</load_address>
         <run_address>0x1ac4</run_address>
         <size>0x28c</size>
         <input_file_ref idref="fl-d"/>
      </object_component>
      <object_component id="oc-5a">
         <name>.debug_frame</name>
         <load_address>0x1d50</load_address>
         <run_address>0x1d50</run_address>
         <size>0x7c</size>
         <input_file_ref idref="fl-e"/>
      </object_component>
      <object_component id="oc-5f">
         <name>.debug_frame</name>
         <load_address>0x1dcc</load_address>
         <run_address>0x1dcc</run_address>
         <size>0xb4</size>
         <input_file_ref idref="fl-f"/>
      </object_component>
      <object_component id="oc-66">
         <name>.debug_frame</name>
         <load_address>0x1e80</load_address>
         <run_address>0x1e80</run_address>
         <size>0x274</size>
         <input_file_ref idref="fl-11"/>
      </object_component>
      <object_component id="oc-6b">
         <name>.debug_frame</name>
         <load_address>0x20f4</load_address>
         <run_address>0x20f4</run_address>
         <size>0x28</size>
         <input_file_ref idref="fl-12"/>
      </object_component>
      <object_component id="oc-72">
         <name>.debug_frame</name>
         <load_address>0x211c</load_address>
         <run_address>0x211c</run_address>
         <size>0x28</size>
         <input_file_ref idref="fl-14"/>
      </object_component>
      <object_component id="oc-77">
         <name>.debug_frame</name>
         <load_address>0x2144</load_address>
         <run_address>0x2144</run_address>
         <size>0x28</size>
         <input_file_ref idref="fl-15"/>
      </object_component>
      <object_component id="oc-7c">
         <name>.debug_frame</name>
         <load_address>0x216c</load_address>
         <run_address>0x216c</run_address>
         <size>0x28</size>
         <input_file_ref idref="fl-16"/>
      </object_component>
      <object_component id="oc-81">
         <name>.debug_frame</name>
         <load_address>0x2194</load_address>
         <run_address>0x2194</run_address>
         <size>0x28</size>
         <input_file_ref idref="fl-17"/>
      </object_component>
      <object_component id="oc-86">
         <name>.debug_frame</name>
         <load_address>0x21bc</load_address>
         <run_address>0x21bc</run_address>
         <size>0x270</size>
         <input_file_ref idref="fl-18"/>
      </object_component>
      <object_component id="oc-8b">
         <name>.debug_frame</name>
         <load_address>0x242c</load_address>
         <run_address>0x242c</run_address>
         <size>0x28</size>
         <input_file_ref idref="fl-19"/>
      </object_component>
      <object_component id="oc-92">
         <name>.debug_frame</name>
         <load_address>0x2454</load_address>
         <run_address>0x2454</run_address>
         <size>0x17c</size>
         <input_file_ref idref="fl-1a"/>
      </object_component>
      <object_component id="oc-97">
         <name>.debug_frame</name>
         <load_address>0x25d0</load_address>
         <run_address>0x25d0</run_address>
         <size>0x28</size>
         <input_file_ref idref="fl-1b"/>
      </object_component>
      <object_component id="oc-9c">
         <name>.debug_frame</name>
         <load_address>0x25f8</load_address>
         <run_address>0x25f8</run_address>
         <size>0x28</size>
         <input_file_ref idref="fl-1c"/>
      </object_component>
      <object_component id="oc-a1">
         <name>.debug_frame</name>
         <load_address>0x2620</load_address>
         <run_address>0x2620</run_address>
         <size>0x28</size>
         <input_file_ref idref="fl-1d"/>
      </object_component>
      <object_component id="oc-a6">
         <name>.debug_frame</name>
         <load_address>0x2648</load_address>
         <run_address>0x2648</run_address>
         <size>0x28</size>
         <input_file_ref idref="fl-1e"/>
      </object_component>
      <object_component id="oc-ab">
         <name>.debug_frame</name>
         <load_address>0x2670</load_address>
         <run_address>0x2670</run_address>
         <size>0x28</size>
         <input_file_ref idref="fl-1f"/>
      </object_component>
      <object_component id="oc-b0">
         <name>.debug_frame</name>
         <load_address>0x2698</load_address>
         <run_address>0x2698</run_address>
         <size>0x15c</size>
         <input_file_ref idref="fl-20"/>
      </object_component>
      <object_component id="oc-b5">
         <name>.debug_frame</name>
         <load_address>0x27f4</load_address>
         <run_address>0x27f4</run_address>
         <size>0x28</size>
         <input_file_ref idref="fl-21"/>
      </object_component>
      <object_component id="oc-ba">
         <name>.debug_frame</name>
         <load_address>0x281c</load_address>
         <run_address>0x281c</run_address>
         <size>0x178</size>
         <input_file_ref idref="fl-22"/>
      </object_component>
      <object_component id="oc-c3">
         <name>.debug_frame</name>
         <load_address>0x2994</load_address>
         <run_address>0x2994</run_address>
         <size>0x11c</size>
         <input_file_ref idref="fl-25"/>
      </object_component>
      <object_component id="oc-c9">
         <name>.debug_frame</name>
         <load_address>0x2ab0</load_address>
         <run_address>0x2ab0</run_address>
         <size>0x144</size>
         <input_file_ref idref="fl-26"/>
      </object_component>
      <object_component id="oc-ce">
         <name>.debug_frame</name>
         <load_address>0x2bf4</load_address>
         <run_address>0x2bf4</run_address>
         <size>0x28</size>
         <input_file_ref idref="fl-27"/>
      </object_component>
      <object_component id="oc-d3">
         <name>.debug_frame</name>
         <load_address>0x2c1c</load_address>
         <run_address>0x2c1c</run_address>
         <size>0x28</size>
         <input_file_ref idref="fl-28"/>
      </object_component>
      <object_component id="oc-da">
         <name>.debug_frame</name>
         <load_address>0x2c44</load_address>
         <run_address>0x2c44</run_address>
         <size>0x28</size>
         <input_file_ref idref="fl-2a"/>
      </object_component>
      <object_component id="oc-df">
         <name>.debug_frame</name>
         <load_address>0x2c6c</load_address>
         <run_address>0x2c6c</run_address>
         <size>0x20c</size>
         <input_file_ref idref="fl-2b"/>
      </object_component>
      <object_component id="oc-e4">
         <name>.debug_frame</name>
         <load_address>0x2e78</load_address>
         <run_address>0x2e78</run_address>
         <size>0x28</size>
         <input_file_ref idref="fl-2c"/>
      </object_component>
      <object_component id="oc-e9">
         <name>.debug_frame</name>
         <load_address>0x2ea0</load_address>
         <run_address>0x2ea0</run_address>
         <size>0x28</size>
         <input_file_ref idref="fl-2d"/>
      </object_component>
      <object_component id="oc-ef">
         <name>.debug_frame</name>
         <load_address>0x2ec8</load_address>
         <run_address>0x2ec8</run_address>
         <size>0x2c0</size>
         <input_file_ref idref="fl-2e"/>
      </object_component>
      <object_component id="oc-f4">
         <name>.debug_frame</name>
         <load_address>0x3188</load_address>
         <run_address>0x3188</run_address>
         <size>0x28</size>
         <input_file_ref idref="fl-2f"/>
      </object_component>
      <object_component id="oc-f9">
         <name>.debug_frame</name>
         <load_address>0x31b0</load_address>
         <run_address>0x31b0</run_address>
         <size>0x28</size>
         <input_file_ref idref="fl-30"/>
      </object_component>
      <object_component id="oc-fe">
         <name>.debug_frame</name>
         <load_address>0x31d8</load_address>
         <run_address>0x31d8</run_address>
         <size>0x60</size>
         <input_file_ref idref="fl-31"/>
      </object_component>
      <object_component id="oc-103">
         <name>.debug_frame</name>
         <load_address>0x3238</load_address>
         <run_address>0x3238</run_address>
         <size>0xbac</size>
         <input_file_ref idref="fl-32"/>
      </object_component>
      <object_component id="oc-108">
         <name>.debug_frame</name>
         <load_address>0x3de4</load_address>
         <run_address>0x3de4</run_address>
         <size>0xd8</size>
         <input_file_ref idref="fl-33"/>
      </object_component>
      <object_component id="oc-10d">
         <name>.debug_frame</name>
         <load_address>0x3ebc</load_address>
         <run_address>0x3ebc</run_address>
         <size>0x530</size>
         <input_file_ref idref="fl-34"/>
      </object_component>
      <object_component id="oc-112">
         <name>.debug_frame</name>
         <load_address>0x461c</load_address>
         <run_address>0x461c</run_address>
         <size>0x4a</size>
         <input_file_ref idref="fl-3a"/>
      </object_component>
      <object_component id="oc-117">
         <name>.debug_frame</name>
         <load_address>0x4666</load_address>
         <run_address>0x4666</run_address>
         <size>0xfa</size>
         <input_file_ref idref="fl-3b"/>
      </object_component>
      <object_component id="oc-11d">
         <name>.debug_frame</name>
         <load_address>0x4760</load_address>
         <run_address>0x4760</run_address>
         <size>0x4a</size>
         <input_file_ref idref="fl-3c"/>
      </object_component>
      <object_component id="oc-122">
         <name>.debug_frame</name>
         <load_address>0x47aa</load_address>
         <run_address>0x47aa</run_address>
         <size>0x9a</size>
         <input_file_ref idref="fl-3d"/>
      </object_component>
      <object_component id="oc-127">
         <name>.debug_frame</name>
         <load_address>0x4844</load_address>
         <run_address>0x4844</run_address>
         <size>0x43</size>
         <input_file_ref idref="fl-3e"/>
      </object_component>
      <object_component id="oc-12c">
         <name>.debug_frame</name>
         <load_address>0x4887</load_address>
         <run_address>0x4887</run_address>
         <size>0x4b</size>
         <input_file_ref idref="fl-3f"/>
      </object_component>
      <object_component id="oc-155">
         <name>.debug_frame</name>
         <load_address>0x43ec</load_address>
         <run_address>0x43ec</run_address>
         <size>0x60</size>
         <input_file_ref idref="fl-47"/>
      </object_component>
      <object_component id="oc-15a">
         <name>.debug_frame</name>
         <load_address>0x444c</load_address>
         <run_address>0x444c</run_address>
         <size>0x40</size>
         <input_file_ref idref="fl-48"/>
      </object_component>
      <object_component id="oc-15f">
         <name>.debug_frame</name>
         <load_address>0x448c</load_address>
         <run_address>0x448c</run_address>
         <size>0x40</size>
         <input_file_ref idref="fl-49"/>
      </object_component>
      <object_component id="oc-164">
         <name>.debug_frame</name>
         <load_address>0x44cc</load_address>
         <run_address>0x44cc</run_address>
         <size>0x40</size>
         <input_file_ref idref="fl-4a"/>
      </object_component>
      <object_component id="oc-16b">
         <name>.debug_frame</name>
         <load_address>0x450c</load_address>
         <run_address>0x450c</run_address>
         <size>0x60</size>
         <input_file_ref idref="fl-4b"/>
      </object_component>
      <object_component id="oc-170">
         <name>.debug_frame</name>
         <load_address>0x456c</load_address>
         <run_address>0x456c</run_address>
         <size>0x70</size>
         <input_file_ref idref="fl-4c"/>
      </object_component>
      <object_component id="oc-175">
         <name>.debug_frame</name>
         <load_address>0x45dc</load_address>
         <run_address>0x45dc</run_address>
         <size>0x40</size>
         <input_file_ref idref="fl-4d"/>
      </object_component>
      <object_component id="oc-17">
         <name>.debug_line</name>
         <load_address>0x0</load_address>
         <run_address>0x0</run_address>
         <size>0x273</size>
         <input_file_ref idref="fl-2"/>
      </object_component>
      <object_component id="oc-1c">
         <name>.debug_line</name>
         <load_address>0x273</load_address>
         <run_address>0x273</run_address>
         <size>0x63</size>
         <input_file_ref idref="fl-3"/>
      </object_component>
      <object_component id="oc-25">
         <name>.debug_line</name>
         <load_address>0x2d6</load_address>
         <run_address>0x2d6</run_address>
         <size>0xb0e</size>
         <input_file_ref idref="fl-4"/>
      </object_component>
      <object_component id="oc-2a">
         <name>.debug_line</name>
         <load_address>0xde4</load_address>
         <run_address>0xde4</run_address>
         <size>0x12d</size>
         <input_file_ref idref="fl-5"/>
      </object_component>
      <object_component id="oc-30">
         <name>.debug_line</name>
         <load_address>0xf11</load_address>
         <run_address>0xf11</run_address>
         <size>0x140</size>
         <input_file_ref idref="fl-6"/>
      </object_component>
      <object_component id="oc-35">
         <name>.debug_line</name>
         <load_address>0x1051</load_address>
         <run_address>0x1051</run_address>
         <size>0x87</size>
         <input_file_ref idref="fl-7"/>
      </object_component>
      <object_component id="oc-3a">
         <name>.debug_line</name>
         <load_address>0x10d8</load_address>
         <run_address>0x10d8</run_address>
         <size>0x26d</size>
         <input_file_ref idref="fl-8"/>
      </object_component>
      <object_component id="oc-41">
         <name>.debug_line</name>
         <load_address>0x1345</load_address>
         <run_address>0x1345</run_address>
         <size>0x656</size>
         <input_file_ref idref="fl-9"/>
      </object_component>
      <object_component id="oc-46">
         <name>.debug_line</name>
         <load_address>0x199b</load_address>
         <run_address>0x199b</run_address>
         <size>0x27e</size>
         <input_file_ref idref="fl-a"/>
      </object_component>
      <object_component id="oc-4b">
         <name>.debug_line</name>
         <load_address>0x1c19</load_address>
         <run_address>0x1c19</run_address>
         <size>0x66b</size>
         <input_file_ref idref="fl-b"/>
      </object_component>
      <object_component id="oc-51">
         <name>.debug_line</name>
         <load_address>0x2284</load_address>
         <run_address>0x2284</run_address>
         <size>0xf5c</size>
         <input_file_ref idref="fl-c"/>
      </object_component>
      <object_component id="oc-56">
         <name>.debug_line</name>
         <load_address>0x31e0</load_address>
         <run_address>0x31e0</run_address>
         <size>0x682</size>
         <input_file_ref idref="fl-d"/>
      </object_component>
      <object_component id="oc-5b">
         <name>.debug_line</name>
         <load_address>0x3862</load_address>
         <run_address>0x3862</run_address>
         <size>0x97</size>
         <input_file_ref idref="fl-e"/>
      </object_component>
      <object_component id="oc-60">
         <name>.debug_line</name>
         <load_address>0x38f9</load_address>
         <run_address>0x38f9</run_address>
         <size>0x142</size>
         <input_file_ref idref="fl-f"/>
      </object_component>
      <object_component id="oc-67">
         <name>.debug_line</name>
         <load_address>0x3a3b</load_address>
         <run_address>0x3a3b</run_address>
         <size>0x4b4</size>
         <input_file_ref idref="fl-11"/>
      </object_component>
      <object_component id="oc-6c">
         <name>.debug_line</name>
         <load_address>0x3eef</load_address>
         <run_address>0x3eef</run_address>
         <size>0x3b</size>
         <input_file_ref idref="fl-12"/>
      </object_component>
      <object_component id="oc-73">
         <name>.debug_line</name>
         <load_address>0x3f2a</load_address>
         <run_address>0x3f2a</run_address>
         <size>0x59</size>
         <input_file_ref idref="fl-14"/>
      </object_component>
      <object_component id="oc-78">
         <name>.debug_line</name>
         <load_address>0x3f83</load_address>
         <run_address>0x3f83</run_address>
         <size>0x3d</size>
         <input_file_ref idref="fl-15"/>
      </object_component>
      <object_component id="oc-7d">
         <name>.debug_line</name>
         <load_address>0x3fc0</load_address>
         <run_address>0x3fc0</run_address>
         <size>0x40</size>
         <input_file_ref idref="fl-16"/>
      </object_component>
      <object_component id="oc-82">
         <name>.debug_line</name>
         <load_address>0x4000</load_address>
         <run_address>0x4000</run_address>
         <size>0x3b</size>
         <input_file_ref idref="fl-17"/>
      </object_component>
      <object_component id="oc-87">
         <name>.debug_line</name>
         <load_address>0x403b</load_address>
         <run_address>0x403b</run_address>
         <size>0x2f2</size>
         <input_file_ref idref="fl-18"/>
      </object_component>
      <object_component id="oc-8c">
         <name>.debug_line</name>
         <load_address>0x432d</load_address>
         <run_address>0x432d</run_address>
         <size>0x5b</size>
[...]
         <value>0x87db2</value>
         <object_component_ref idref="oc-185"/>
      </symbol>
      <symbol id="sm-946">
         <name>_setModBusGPIO</name>
         <value>0x87d40</value>
         <object_component_ref idref="oc-185"/>
      </symbol>
      <symbol id="sm-948">
         <name>_I2CputData</name>
         <value>0x88216</value>
         <object_component_ref idref="oc-185"/>
      </symbol>
      <symbol id="sm-94a">
         <name>_I2CsetSlaveAddress</name>
         <value>0x88208</value>
         <object_component_ref idref="oc-185"/>
      </symbol>
      <symbol id="sm-94c">
         <name>_I2CenableFIFO</name>
         <value>0x881fb</value>
         <object_component_ref idref="oc-185"/>
      </symbol>
      <symbol id="sm-94e">
         <name>_CANMSGObjectSetup</name>
         <value>0x87f7b</value>
         <object_component_ref idref="oc-185"/>
      </symbol>
      <symbol id="sm-950">
         <name>_I2CgetStopConditionStatus</name>
         <value>0x881f4</value>
         <object_component_ref idref="oc-185"/>
      </symbol>
      <symbol id="sm-952">
         <name>_InitialiseChargerInPins</name>
         <value>0x87fd6</value>
         <object_component_ref idref="oc-185"/>
      </symbol>
      <symbol id="sm-954">
         <name>_CPUTimerInit</name>
         <value>0x88178</value>
         <object_component_ref idref="oc-185"/>
      </symbol>
      <symbol id="sm-956">
         <name>_MCU_UART_TxRxData</name>
         <value>0x87c56</value>
         <object_component_ref idref="oc-185"/>
      </symbol>
      <symbol id="sm-958">
         <name>_I2CsendStopCondition</name>
         <value>0x8822a</value>
         <object_component_ref idref="oc-185"/>
      </symbol>
      <symbol id="sm-95a">
         <name>_InitialiseCAN</name>
         <value>0x87f22</value>
         <object_component_ref idref="oc-185"/>
      </symbol>
      <symbol id="sm-95c">
         <name>_WriteDGPIO</name>
         <value>0x87de0</value>
         <object_component_ref idref="oc-185"/>
      </symbol>
      <symbol id="sm-95e">
         <name>_InitialiseChargerOutPins</name>
         <value>0x87ff1</value>
         <object_component_ref idref="oc-185"/>
      </symbol>
      <symbol id="sm-960">
         <name>_Timeout_MS</name>
         <value>0x87dea</value>
         <object_component_ref idref="oc-185"/>
      </symbol>
      <symbol id="sm-962">
         <name>_CANclearGlobalInterruptStatus</name>
         <value>0x88273</value>
         <object_component_ref idref="oc-185"/>
      </symbol>
      <symbol id="sm-964">
         <name>_CPUTimergetTimerCount</name>
         <value>0x88280</value>
         <object_component_ref idref="oc-185"/>
      </symbol>
      <symbol id="sm-966">
         <name>_I2CgetTxFIFOStatus</name>
         <value>0x88223</value>
         <object_component_ref idref="oc-185"/>
      </symbol>
      <symbol id="sm-968">
         <name>_SCI_BreakDtect</name>
         <value>0x88244</value>
         <object_component_ref idref="oc-185"/>
      </symbol>
      <symbol id="sm-96a">
         <name>_setModBusUART</name>
         <value>0x87d7e</value>
         <object_component_ref idref="oc-185"/>
      </symbol>
      <symbol id="sm-96c">
         <name>_GunFlowMeterPinInit</name>
         <value>0x8819f</value>
         <object_component_ref idref="oc-185"/>
      </symbol>
      <symbol id="sm-96e">
         <name>_ADC_Init</name>
         <value>0x88113</value>
         <object_component_ref idref="oc-185"/>
      </symbol>
      <symbol id="sm-970">
         <name>_CANInterruptEnable</name>
         <value>0x87fb9</value>
         <object_component_ref idref="oc-185"/>
      </symbol>
      <symbol id="sm-972">
         <name>_GetNT1000TempValue</name>
         <value>0x87e95</value>
         <object_component_ref idref="oc-185"/>
      </symbol>
      <symbol id="sm-995">
         <name>_ModbusFrameRegisterRead</name>
         <value>0x8ae02</value>
         <object_component_ref idref="oc-1ab"/>
      </symbol>
      <symbol id="sm-997">
         <name>_Modbus_Init</name>
         <value>0x8adfd</value>
         <object_component_ref idref="oc-1ab"/>
      </symbol>
      <symbol id="sm-999">
         <name>_CRC16</name>
         <value>0x8ae44</value>
         <object_component_ref idref="oc-1ab"/>
      </symbol>
      <symbol id="sm-99b">
         <name>_CRCTable</name>
         <value>0x8f000</value>
         <object_component_ref idref="oc-1ba"/>
      </symbol>
      <symbol id="sm-99c">
         <name>_ReadRegisters</name>
         <value>0x8ae6c</value>
         <object_component_ref idref="oc-1ab"/>
      </symbol>
      <symbol id="sm-99e">
         <name>_ModbusFrameRegisterWrite</name>
         <value>0x8afca</value>
         <object_component_ref idref="oc-1ab"/>
      </symbol>
      <symbol id="sm-9a0">
         <name>_Modbus_TxRx</name>
         <value>0x8ae31</value>
         <object_component_ref idref="oc-1ab"/>
      </symbol>
      <symbol id="sm-9c6">
         <name>_WriteConfiguration1</name>
         <value>0x89f95</value>
         <object_component_ref idref="oc-1b3"/>
      </symbol>
      <symbol id="sm-9c8">
         <name>_WriteConfiguration0</name>
         <value>0x89f7b</value>
         <object_component_ref idref="oc-1b3"/>
      </symbol>
      <symbol id="sm-9ca">
         <name>_ReadPullUpPullDownSelect1</name>
         <value>0x8a0a6</value>
         <object_component_ref idref="oc-1b3"/>
      </symbol>
      <symbol id="sm-9cc">
         <name>_ReadPullUpPullDownSelect0</name>
         <value>0x8a08c</value>
         <object_component_ref idref="oc-1b3"/>
      </symbol>
      <symbol id="sm-9ce">
         <name>_ReadInputPort0</name>
         <value>0x89efa</value>
         <object_component_ref idref="oc-1b3"/>
      </symbol>
      <symbol id="sm-9d0">
         <name>_ReadInputPort1</name>
         <value>0x89f06</value>
         <object_component_ref idref="oc-1b3"/>
      </symbol>
      <symbol id="sm-9d2">
         <name>_ReadPullUpPullDownEnable1</name>
         <value>0x8a072</value>
         <object_component_ref idref="oc-1b3"/>
      </symbol>
      <symbol id="sm-9d4">
         <name>_ReadPullUpPullDownEnable0</name>
         <value>0x8a058</value>
         <object_component_ref idref="oc-1b3"/>
      </symbol>
      <symbol id="sm-9d6">
         <name>_WritePolarityInversion1</name>
         <value>0x89f54</value>
         <object_component_ref idref="oc-1b3"/>
      </symbol>
      <symbol id="sm-9d8">
         <name>_WritePolarityInversion0</name>
         <value>0x89f47</value>
         <object_component_ref idref="oc-1b3"/>
      </symbol>
      <symbol id="sm-9da">
         <name>_ReadInputLatch1</name>
         <value>0x8a03e</value>
         <object_component_ref idref="oc-1b3"/>
      </symbol>
      <symbol id="sm-9dc">
         <name>_ReadInputLatch0</name>
         <value>0x8a024</value>
         <object_component_ref idref="oc-1b3"/>
      </symbol>
      <symbol id="sm-9de">
         <name>_ReadConfiguration1</name>
         <value>0x89fa2</value>
         <object_component_ref idref="oc-1b3"/>
      </symbol>
      <symbol id="sm-9e0">
         <name>_ReadConfiguration0</name>
         <value>0x89f88</value>
         <object_component_ref idref="oc-1b3"/>
      </symbol>
      <symbol id="sm-9e2">
         <name>_WritePullUpPullDownSelect1</name>
         <value>0x8a099</value>
         <object_component_ref idref="oc-1b3"/>
      </symbol>
      <symbol id="sm-9e4">
         <name>_WritePullUpPullDownSelect0</name>
         <value>0x8a07f</value>
         <object_component_ref idref="oc-1b3"/>
      </symbol>
      <symbol id="sm-9e6">
         <name>_TCAL9539_ReadRegister</name>
         <value>0x89e59</value>
         <object_component_ref idref="oc-1b3"/>
      </symbol>
      <symbol id="sm-9e8">
         <name>_ReadOutputPort1</name>
         <value>0x89f3a</value>
         <object_component_ref idref="oc-1b3"/>
      </symbol>
      <symbol id="sm-9ea">
         <name>_ReadOutputPort0</name>
         <value>0x89f2d</value>
         <object_component_ref idref="oc-1b3"/>
      </symbol>
      <symbol id="sm-9ec">
         <name>_ReadPolarityInversion1</name>
         <value>0x89f6e</value>
         <object_component_ref idref="oc-1b3"/>
      </symbol>
      <symbol id="sm-9ee">
         <name>_ReadPolarityInversion0</name>
         <value>0x89f61</value>
         <object_component_ref idref="oc-1b3"/>
      </symbol>
      <symbol id="sm-9f0">
         <name>_WriteOutputPortConfig</name>
         <value>0x8a101</value>
         <object_component_ref idref="oc-1b3"/>
      </symbol>
      <symbol id="sm-9f2">
         <name>_WritePullUpPullDownEnable1</name>
         <value>0x8a065</value>
         <object_component_ref idref="oc-1b3"/>
      </symbol>
      <symbol id="sm-9f4">
         <name>_WritePullUpPullDownEnable0</name>
         <value>0x8a04b</value>
         <object_component_ref idref="oc-1b3"/>
      </symbol>
      <symbol id="sm-9f6">
         <name>_ReadOutputDriveStrength1</name>
         <value>0x89fd6</value>
         <object_component_ref idref="oc-1b3"/>
      </symbol>
      <symbol id="sm-9f8">
         <name>_ReadOutputDriveStrength0</name>
         <value>0x89fbc</value>
         <object_component_ref idref="oc-1b3"/>
      </symbol>
      <symbol id="sm-9fa">
         <name>_ReadOutputDriveStrength3</name>
         <value>0x8a00a</value>
         <object_component_ref idref="oc-1b3"/>
      </symbol>
      <symbol id="sm-9fc">
         <name>_ReadOutputDriveStrength2</name>
         <value>0x89ff0</value>
         <object_component_ref idref="oc-1b3"/>
      </symbol>
      <symbol id="sm-9fe">
         <name>_WriteInputLatch1</name>
         <value>0x8a031</value>
         <object_component_ref idref="oc-1b3"/>
      </symbol>
      <symbol id="sm-a00">
         <name>_WriteInputLatch0</name>
         <value>0x8a017</value>
         <object_component_ref idref="oc-1b3"/>
      </symbol>
      <symbol id="sm-a02">
         <name>_WriteOutputPort1</name>
         <value>0x89f20</value>
         <object_component_ref idref="oc-1b3"/>
      </symbol>
      <symbol id="sm-a04">
         <name>_WriteOutputPort0</name>
         <value>0x89f13</value>
         <object_component_ref idref="oc-1b3"/>
      </symbol>
      <symbol id="sm-a06">
         <name>_WriteInterruptMask1</name>
         <value>0x8a0cd</value>
         <object_component_ref idref="oc-1b3"/>
      </symbol>
      <symbol id="sm-a08">
         <name>_WriteInterruptMask0</name>
         <value>0x8a0b3</value>
         <object_component_ref idref="oc-1b3"/>
      </symbol>
      <symbol id="sm-a0a">
         <name>_ReadInterruptMask1</name>
         <value>0x8a0da</value>
         <object_component_ref idref="oc-1b3"/>
      </symbol>
      <symbol id="sm-a0c">
         <name>_ReadInterruptMask0</name>
         <value>0x8a0c0</value>
         <object_component_ref idref="oc-1b3"/>
      </symbol>
      <symbol id="sm-a0e">
         <name>_WriteOutputDriveStrength1</name>
         <value>0x89fc9</value>
         <object_component_ref idref="oc-1b3"/>
      </symbol>
      <symbol id="sm-a10">
         <name>_WriteOutputDriveStrength0</name>
         <value>0x89faf</value>
         <object_component_ref idref="oc-1b3"/>
      </symbol>
      <symbol id="sm-a12">
         <name>_WriteOutputDriveStrength3</name>
         <value>0x89ffd</value>
         <object_component_ref idref="oc-1b3"/>
      </symbol>
      <symbol id="sm-a14">
         <name>_WriteOutputDriveStrength2</name>
         <value>0x89fe3</value>
         <object_component_ref idref="oc-1b3"/>
      </symbol>
      <symbol id="sm-a16">
         <name>_TCAL9539_WriteRegister</name>
         <value>0x89dee</value>
         <object_component_ref idref="oc-1b3"/>
      </symbol>
      <symbol id="sm-a18">
         <name>_ReadInterruptStatus1</name>
         <value>0x8a0f4</value>
         <object_component_ref idref="oc-1b3"/>
      </symbol>
      <symbol id="sm-a1a">
         <name>_ReadInterruptStatus0</name>
         <value>0x8a0e7</value>
         <object_component_ref idref="oc-1b3"/>
      </symbol>
      <symbol id="sm-a1c">
         <name>_ReadOutputPortConfig</name>
         <value>0x8a10e</value>
         <object_component_ref idref="oc-1b3"/>
      </symbol>
      <symbol id="sm-a31">
         <name>_Fapi_issueAsyncCommandWithAddress</name>
         <value>0x8be82</value>
         <object_component_ref idref="oc-1a0"/>
      </symbol>
      <symbol id="sm-a5a">
         <name>_Fapi_serviceWatchdogTimer</name>
         <value>0x8c276</value>
         <object_component_ref idref="oc-1c2"/>
      </symbol>
      <symbol id="sm-a5b">
         <name>__Fapi_issueFsmCommand</name>
         <value>0x8bfdd</value>
         <object_component_ref idref="oc-1b5"/>
      </symbol>
      <symbol id="sm-a5c">
         <name>_Fapi_setupEepromSectorEnable</name>
         <value>0x8bee6</value>
         <object_component_ref idref="oc-1bf"/>
      </symbol>
      <symbol id="sm-a5d">
         <name>_Fapi_setActiveFlashBank</name>
         <value>0x8c00d</value>
         <object_component_ref idref="oc-19e"/>
      </symbol>
      <symbol id="sm-a5e">
         <name>__Fapi_setupSectorsForWrite</name>
         <value>0x8c068</value>
         <object_component_ref idref="oc-1b6"/>
      </symbol>
      <symbol id="sm-a5f">
         <name>_Fapi_setupBankSectorEnable</name>
         <value>0x8c13a</value>
         <object_component_ref idref="oc-1c0"/>
      </symbol>
      <symbol id="sm-a60">
         <name>_Fapi_getFsmStatus</name>
         <value>0x8c26f</value>
         <object_component_ref idref="oc-1a1"/>
      </symbol>
      <symbol id="sm-a72">
         <name>_Fapi_initializeAPI</name>
         <value>0x8bba8</value>
         <object_component_ref idref="oc-19c"/>
      </symbol>
      <symbol id="sm-a73">
         <name>_Fapi_GlobalInit</name>
         <value>0xac66</value>
         <object_component_ref idref="oc-11c"/>
      </symbol>
      <symbol id="sm-a8b">
         <name>_Fapi_calculateFletcherChecksum</name>
         <value>0x8c03c</value>
         <object_component_ref idref="oc-1c1"/>
      </symbol>
      <symbol id="sm-a8c">
         <name>__Fapi_calculateOtpChecksum</name>
         <value>0x8c248</value>
         <object_component_ref idref="oc-1bd"/>
      </symbol>
      <symbol id="sm-a8d">
         <name>__Fapi_divideUnsignedLong</name>
         <value>0x8c093</value>
         <object_component_ref idref="oc-1bc"/>
      </symbol>
      <symbol id="sm-a8e">
         <name>__Fapi_scaleCycleValues</name>
         <value>0x8c22e</value>
         <object_component_ref idref="oc-1be"/>
      </symbol>
      <symbol id="sm-a9c">
         <name>_Fapi_checkFsmForReady</name>
         <value>0x8c23d</value>
         <object_component_ref idref="oc-19d"/>
      </symbol>
      <symbol id="sm-acc">
         <name>_Fapi_issueProgrammingCommand</name>
         <value>0x8b3dd</value>
         <object_component_ref idref="oc-1a2"/>
      </symbol>
      <symbol id="sm-ae7">
         <name>_c_int00</name>
         <value>0x8bf42</value>
         <object_component_ref idref="oc-11"/>
      </symbol>
      <symbol id="sm-ae8">
         <name>__stack</name>
         <value>0x400</value>
         <object_component_ref idref="oc-130"/>
      </symbol>
      <symbol id="sm-af9">
         <name>FS$$DIV</name>
         <value>0x8bd80</value>
         <object_component_ref idref="oc-136"/>
      </symbol>
      <symbol id="sm-b05">
         <name>LL$$AND</name>
         <value>0x8c204</value>
         <object_component_ref idref="oc-13b"/>
      </symbol>
      <symbol id="sm-b06">
         <name>LL$$OR</name>
         <value>0x8c20c</value>
         <object_component_ref idref="oc-13b"/>
      </symbol>
      <symbol id="sm-b07">
         <name>LL$$XOR</name>
         <value>0x8c214</value>
         <object_component_ref idref="oc-13b"/>
      </symbol>
      <symbol id="sm-b15">
         <name>ULL$$CMP</name>
         <value>0x8c1db</value>
         <object_component_ref idref="oc-140"/>
      </symbol>
      <symbol id="sm-b16">
         <name>LL$$CMP</name>
         <value>0x8c1c9</value>
         <object_component_ref idref="oc-140"/>
      </symbol>
      <symbol id="sm-b22">
         <name>U$$MOD</name>
         <value>0x8c258</value>
         <object_component_ref idref="oc-145"/>
      </symbol>
      <symbol id="sm-b23">
         <name>U$$DIV</name>
         <value>0x8c253</value>
         <object_component_ref idref="oc-145"/>
      </symbol>
      <symbol id="sm-b2f">
         <name>UL$$MOD</name>
         <value>0x8c10b</value>
         <object_component_ref idref="oc-14a"/>
      </symbol>
      <symbol id="sm-b30">
         <name>L$$MOD</name>
         <value>0x8c0f6</value>
         <object_component_ref idref="oc-14a"/>
      </symbol>
      <symbol id="sm-b31">
         <name>L$$DIV</name>
         <value>0x8c0e7</value>
         <object_component_ref idref="oc-14a"/>
      </symbol>
      <symbol id="sm-b32">
         <name>UL$$DIV</name>
         <value>0x8c104</value>
         <object_component_ref idref="oc-14a"/>
      </symbol>
      <symbol id="sm-b42">
         <name>FS$$TOULL</name>
         <value>0x8c162</value>
         <object_component_ref idref="oc-14f"/>
      </symbol>
      <symbol id="sm-b51">
         <name>_copy_in</name>
         <value>0x8c187</value>
         <object_component_ref idref="oc-17a"/>
      </symbol>
      <symbol id="sm-b63">
         <name>_memcpy</name>
         <value>0x8c1e7</value>
         <object_component_ref idref="oc-18c"/>
      </symbol>
      <symbol id="sm-b70">
         <name>__system_pre_init</name>
         <value>0x8c278</value>
         <object_component_ref idref="oc-179"/>
      </symbol>
      <symbol id="sm-b7e">
         <name>__system_post_cinit</name>
         <value>0x8c27a</value>
         <object_component_ref idref="oc-17b"/>
      </symbol>
      <symbol id="sm-b93">
         <name>C$$EXIT</name>
         <value>0x8c111</value>
         <object_component_ref idref="oc-17d"/>
      </symbol>
      <symbol id="sm-b94">
         <name>_exit</name>
         <value>0x8c113</value>
         <object_component_ref idref="oc-17d"/>
      </symbol>
      <symbol id="sm-b96">
         <name>___TI_cleanup_ptr</name>
         <value>0xad50</value>
         <object_component_ref idref="oc-16a"/>
      </symbol>
      <symbol id="sm-b97">
         <name>___TI_enable_exit_profile_output</name>
         <value>0xad4e</value>
         <object_component_ref idref="oc-16a"/>
      </symbol>
      <symbol id="sm-b98">
         <name>_abort</name>
         <value>0x8c111</value>
         <object_component_ref idref="oc-17d"/>
      </symbol>
      <symbol id="sm-b9a">
         <name>___TI_dtors_ptr</name>
         <value>0xad52</value>
         <object_component_ref idref="oc-16a"/>
      </symbol>
      <symbol id="sm-bae">
         <name>__unlock</name>
         <value>0xad64</value>
         <object_component_ref idref="oc-1bb"/>
      </symbol>
      <symbol id="sm-baf">
         <name>__lock</name>
         <value>0xad62</value>
         <object_component_ref idref="oc-18d"/>
      </symbol>
      <symbol id="sm-bb0">
         <name>__register_lock</name>
         <value>0x8c262</value>
         <object_component_ref idref="oc-1b1"/>
      </symbol>
      <symbol id="sm-bb2">
         <name>__nop</name>
         <value>0x8c266</value>
         <object_component_ref idref="oc-1b1"/>
      </symbol>
      <symbol id="sm-bb4">
         <name>__register_unlock</name>
         <value>0x8c25e</value>
         <object_component_ref idref="oc-1b1"/>
      </symbol>
      <symbol id="sm-bc4">
         <name>__args_main</name>
         <value>0x8c21c</value>
         <object_component_ref idref="oc-17c"/>
      </symbol>
   </symbol_table>
   <title>Link successful</title>
</link_info>
